Component: ARM Compiler 5.06 update 6 (build 750) Tool: armlink [4d35ed]

==============================================================================

Section Cross References

    driver.o(i.ENC0_GetPos) refers to driver.o(.data) for p
    driver.o(i.PWM0_Set_Duty) refers to stm32f4xx_gpio.o(i.GPIO_ResetBits) for GPIO_ResetBits
    driver.o(i.PWM0_Set_Duty) refers to stm32f4xx_gpio.o(i.GPIO_SetBits) for GPIO_SetBits
    driver.o(i.delay_01ms) refers to stm32f4xx_rcc.o(i.RCC_APB1PeriphClockCmd) for RCC_APB1PeriphClockCmd
    driver.o(i.delay_us) refers to stm32f4xx_rcc.o(i.RCC_APB1PeriphClockCmd) for RCC_APB1PeriphClockCmd
    driver.o(i.init_main) refers to stm32f4xx_rcc.o(i.RCC_APB1PeriphClockCmd) for RCC_APB1PeriphClockCmd
    driver.o(i.init_main) refers to stm32f4xx_rcc.o(i.RCC_AHB1PeriphClockCmd) for RCC_AHB1PeriphClockCmd
    driver.o(i.init_main) refers to stm32f4xx_gpio.o(i.GPIO_Init) for GPIO_Init
    driver.o(i.init_main) refers to stm32f4xx_gpio.o(i.GPIO_PinAFConfig) for GPIO_PinAFConfig
    driver.o(i.init_main) refers to stm32f4xx_tim.o(i.TIM_TimeBaseInit) for TIM_TimeBaseInit
    driver.o(i.init_main) refers to stm32f4xx_tim.o(i.TIM_OC1Init) for TIM_OC1Init
    driver.o(i.init_main) refers to stm32f4xx_tim.o(i.TIM_OC1PreloadConfig) for TIM_OC1PreloadConfig
    driver.o(i.init_main) refers to stm32f4xx_tim.o(i.TIM_Cmd) for TIM_Cmd
    driver.o(i.init_main) refers to stm32f4xx_rcc.o(i.RCC_APB2PeriphClockCmd) for RCC_APB2PeriphClockCmd
    driver.o(i.init_main) refers to stm32f4xx_tim.o(i.TIM_EncoderInterfaceConfig) for TIM_EncoderInterfaceConfig
    main.o(i.init_uart_dma) refers to stm32f4xx_rcc.o(i.RCC_AHB1PeriphClockCmd) for RCC_AHB1PeriphClockCmd
    main.o(i.init_uart_dma) refers to stm32f4xx_rcc.o(i.RCC_APB1PeriphClockCmd) for RCC_APB1PeriphClockCmd
    main.o(i.init_uart_dma) refers to stm32f4xx_gpio.o(i.GPIO_PinAFConfig) for GPIO_PinAFConfig
    main.o(i.init_uart_dma) refers to stm32f4xx_gpio.o(i.GPIO_Init) for GPIO_Init
    main.o(i.init_uart_dma) refers to stm32f4xx_usart.o(i.USART_Init) for USART_Init
    main.o(i.init_uart_dma) refers to stm32f4xx_usart.o(i.USART_Cmd) for USART_Cmd
    main.o(i.init_uart_dma) refers to stm32f4xx_usart.o(i.USART_DMACmd) for USART_DMACmd
    main.o(i.init_uart_dma) refers to stm32f4xx_dma.o(i.DMA_Init) for DMA_Init
    main.o(i.init_uart_dma) refers to stm32f4xx_dma.o(i.DMA_Cmd) for DMA_Cmd
    main.o(i.init_uart_dma) refers to main.o(.bss) for Value_Buff
    main.o(i.main) refers to main.o(i.init_uart_dma) for init_uart_dma
    main.o(i.main) refers to driver.o(i.delay_01ms) for delay_01ms
    main.o(i.main) refers to driver.o(i.init_main) for init_main
    main.o(i.main) refers to driver.o(i.PWM0_Set_Freq) for PWM0_Set_Freq
    main.o(i.main) refers to driver.o(i.PWM0_Set_Duty) for PWM0_Set_Duty
    main.o(i.main) refers to str.o(i.str_initialize) for str_initialize
    main.o(i.main) refers to driver.o(i.ENC0_GetPos) for ENC0_GetPos
    main.o(i.main) refers to dflt_clz.o(x$fpl$dflt) for __aeabi_i2d
    main.o(i.main) refers to ddiv.o(x$fpl$ddiv) for __aeabi_ddiv
    main.o(i.main) refers to dmul.o(x$fpl$dmul) for __aeabi_dmul
    main.o(i.main) refers to main.o(i.rt_OneStep) for rt_OneStep
    main.o(i.main) refers to dfix.o(x$fpl$dfix) for __aeabi_d2iz
    main.o(i.main) refers to main.o(i.Convert_To_ASCII) for Convert_To_ASCII
    main.o(i.main) refers to stm32f4xx_dma.o(i.DMA_ClearFlag) for DMA_ClearFlag
    main.o(i.main) refers to stm32f4xx_dma.o(i.DMA_Cmd) for DMA_Cmd
    main.o(i.main) refers to main.o(.data) for In2
    main.o(i.main) refers to system_stm32f4xx.o(.data) for SystemCoreClock
    main.o(i.main) refers to system_timetick.o(.data) for tick_flag
    main.o(i.main) refers to main.o(.bss) for Value_Buff
    main.o(i.rt_OneStep) refers to str.o(i.str_step) for str_step
    main.o(i.rt_OneStep) refers to main.o(.data) for OverrunFlag
    main.o(i.rt_OneStep) refers to pid.o(.data) for pid_M
    system_timetick.o(i.SysTick_Handler) refers to system_timetick.o(.data) for tick_flag
    startup_stm32f40_41xxx.o(STACK) refers (Special) to heapauxi.o(.text) for __use_two_region_memory
    startup_stm32f40_41xxx.o(HEAP) refers (Special) to heapauxi.o(.text) for __use_two_region_memory
    startup_stm32f40_41xxx.o(RESET) refers (Special) to heapauxi.o(.text) for __use_two_region_memory
    startup_stm32f40_41xxx.o(RESET) refers to startup_stm32f40_41xxx.o(STACK) for __initial_sp
    startup_stm32f40_41xxx.o(RESET) refers to startup_stm32f40_41xxx.o(.text) for Reset_Handler
    startup_stm32f40_41xxx.o(RESET) refers to system_timetick.o(i.NMI_Handler) for NMI_Handler
    startup_stm32f40_41xxx.o(RESET) refers to system_timetick.o(i.HardFault_Handler) for HardFault_Handler
    startup_stm32f40_41xxx.o(RESET) refers to system_timetick.o(i.MemManage_Handler) for MemManage_Handler
[...]

==============================================================================

Image Symbol Table

    Local Symbols

    Symbol Name                              Value     Ov Type        Size  Object(Section)

    ../clib/angel/boardlib.s                 0x00000000   Number         0  boardinit3.o ABSOLUTE
    ../clib/angel/boardlib.s                 0x00000000   Number         0  boardinit2.o ABSOLUTE
    ../clib/angel/boardlib.s                 0x00000000   Number         0  boardinit1.o ABSOLUTE
    ../clib/angel/boardlib.s                 0x00000000   Number         0  boardshut.o ABSOLUTE
    ../clib/angel/dczerorl2.s                0x00000000   Number         0  __dczerorl2.o ABSOLUTE
    ../clib/angel/handlers.s                 0x00000000   Number         0  __scatter_zi.o ABSOLUTE
    ../clib/angel/kernel.s                   0x00000000   Number         0  rtexit.o ABSOLUTE
    ../clib/angel/kernel.s                   0x00000000   Number         0  __rtentry.o ABSOLUTE
    ../clib/angel/kernel.s                   0x00000000   Number         0  __rtentry2.o ABSOLUTE
    ../clib/angel/kernel.s                   0x00000000   Number         0  __rtentry4.o ABSOLUTE
    ../clib/angel/kernel.s                   0x00000000   Number         0  rtexit2.o ABSOLUTE
    ../clib/angel/rt.s                       0x00000000   Number         0  rt_errno_addr_intlibspace.o ABSOLUTE
    ../clib/angel/rt.s                       0x00000000   Number         0  rt_raise.o ABSOLUTE
    ../clib/angel/rt.s                       0x00000000   Number         0  rt_errno_addr.o ABSOLUTE
    ../clib/angel/scatter.s                  0x00000000   Number         0  __scatter.o ABSOLUTE
    ../clib/angel/startup.s                  0x00000000   Number         0  __main.o ABSOLUTE
    ../clib/angel/sys.s                      0x00000000   Number         0  use_no_semi.o ABSOLUTE
    ../clib/angel/sys.s                      0x00000000   Number         0  indicate_semi.o ABSOLUTE
    ../clib/angel/sys.s                      0x00000000   Number         0  sys_stackheap_outer.o ABSOLUTE
    ../clib/angel/sys.s                      0x00000000   Number         0  libspace.o ABSOLUTE
    ../clib/angel/sysapp.c                   0x00000000   Number         0  sys_command.o ABSOLUTE
    ../clib/angel/sysapp.c                   0x00000000   Number         0  sys_exit.o ABSOLUTE
    ../clib/angel/sysapp.c                   0x00000000   Number         0  sys_wrch.o ABSOLUTE
    ../clib/armsys.c                         0x00000000   Number         0  no_argv.o ABSOLUTE
    ../clib/armsys.c                         0x00000000   Number         0  argv_veneer.o ABSOLUTE
    ../clib/armsys.c                         0x00000000   Number         0  _get_argv_nomalloc.o ABSOLUTE
    ../clib/armsys.c                         0x00000000   Number         0  argv_veneer.o ABSOLUTE
    ../clib/fenv.c                           0x00000000   Number         0  _rserrno.o ABSOLUTE
    ../clib/heapalloc.c                      0x00000000   Number         0  hrguard.o ABSOLUTE
    ../clib/heapaux.c                        0x00000000   Number         0  heapauxi.o ABSOLUTE
    ../clib/libinit.s                        0x00000000   Number         0  libinit2.o ABSOLUTE
    ../clib/libinit.s                        0x00000000   Number         0  libshutdown2.o ABSOLUTE
    ../clib/libinit.s                        0x00000000   Number         0  libinit.o ABSOLUTE
    ../clib/libinit.s                        0x00000000   Number         0  libshutdown.o ABSOLUTE
    ../clib/memcpset.s                       0x00000000   Number         0  rt_memcpy_w.o ABSOLUTE
    ../clib/memcpset.s                       0x00000000   Number         0  rt_memclr_w.o ABSOLUTE
    ../clib/signal.c                         0x00000000   Number         0  defsig_general.o ABSOLUTE
    ../clib/signal.c                         0x00000000   Number         0  defsig_other.o ABSOLUTE
    ../clib/signal.c                         0x00000000   Number         0  __raise.o ABSOLUTE
    ../clib/signal.c                         0x00000000   Number         0  defsig_stak_inner.o ABSOLUTE
    ../clib/signal.c                         0x00000000   Number         0  defsig_segv_inner.o ABSOLUTE
    ../clib/signal.c                         0x00000000   Number         0  defsig_cppl_inner.o ABSOLUTE
    ../clib/signal.c                         0x00000000   Number         0  defsig_fpe_inner.o ABSOLUTE
    ../clib/signal.c                         0x00000000   Number         0  defsig_pvfn_inner.o ABSOLUTE
    ../clib/signal.c                         0x00000000   Number         0  defsig_rtmem_outer.o ABSOLUTE
    ../clib/signal.c                         0x00000000   Number         0  defsig_rtmem_inner.o ABSOLUTE
    ../clib/signal.c                         0x00000000   Number         0  defsig_abrt_inner.o ABSOLUTE
    ../clib/signal.c                         0x00000000   Number         0  defsig_rtmem_formal.o ABSOLUTE
    ../clib/signal.c                         0x00000000   Number         0  defsig_rtred_inner.o ABSOLUTE
    ../clib/signal.c                         0x00000000   Number         0  defsig_exit.o ABSOLUTE
    ../clib/signal.s                         0x00000000   Number         0  defsig.o ABSOLUTE
    ../clib/stdlib.c                         0x00000000   Number         0  exit.o ABSOLUTE
    ../fplib/basic.s                         0x00000000   Number         0  basic.o ABSOLUTE
    ../fplib/daddsub.s                       0x00000000   Number         0  daddsub_clz.o ABSOLUTE
    ../fplib/dcheck1.s                       0x00000000   Number         0  dcheck1.o ABSOLUTE
    ../fplib/dcmpi.s                         0x00000000   Number         0  dcmpi.o ABSOLUTE
    ../fplib/ddiv.s                          0x00000000   Number         0  ddiv.o ABSOLUTE
    ../fplib/deqf.s                          0x00000000   Number         0  deqf.o ABSOLUTE
    ../fplib/dfix.s                          0x00000000   Number         0  dfix.o ABSOLUTE
    ../fplib/dflt.s                          0x00000000   Number         0  dflt_clz.o ABSOLUTE
    ../fplib/dleqf.s                         0x00000000   Number         0  dleqf.o ABSOLUTE
    ../fplib/dmul.s                          0x00000000   Number         0  dmul.o ABSOLUTE
    ../fplib/dnaninf.s                       0x00000000   Number         0  dnaninf.o ABSOLUTE
    ../fplib/dretinf.s                       0x00000000   Number         0  dretinf.o ABSOLUTE
    ../fplib/drleqf.s                        0x00000000   Number         0  drleqf.o ABSOLUTE
    ../fplib/dsqrt.s                         0x00000000   Number         0  dsqrt_umaal.o ABSOLUTE
    ../fplib/f2d.s                           0x00000000   Number         0  f2d.o ABSOLUTE
    ../fplib/fnaninf.s                       0x00000000   Number         0  fnaninf.o ABSOLUTE
    ../fplib/fpinit.s                        0x00000000   Number         0  fpinit.o ABSOLUTE
    ../fplib/retnan.s                        0x00000000   Number         0  retnan.o ABSOLUTE
    ../fplib/scalbn.s                        0x00000000   Number         0  scalbn.o ABSOLUTE
    ../fplib/trapv.s                         0x00000000   Number         0  trapv.o ABSOLUTE
    ../fplib/usenofp.s                       0x00000000   Number         0  usenofp.o ABSOLUTE
    ../mathlib/dunder.c                      0x00000000   Number         0  dunder.o ABSOLUTE
    ../mathlib/fabs.c                        0x00000000   Number         0  fabs.o ABSOLUTE
    ../mathlib/floor.c                       0x00000000   Number         0  floor.o ABSOLUTE
    ../mathlib/fpclassify.c                  0x00000000   Number         0  fpclassify.o ABSOLUTE
    ../mathlib/poly.c                        0x00000000   Number         0  poly.o ABSOLUTE
    ../mathlib/pow.c                         0x00000000   Number         0  pow.o ABSOLUTE
    ../mathlib/pow.c                         0x00000000   Number         0  pow_x.o ABSOLUTE
    ../mathlib/qnan.c                        0x00000000   Number         0  qnan.o ABSOLUTE
    ../mathlib/sqrt.c                        0x00000000   Number         0  sqrt.o ABSOLUTE
    ../mathlib/sqrt.c                        0x00000000   Number         0  sqrt_x.o ABSOLUTE
    Matlab_PID\pid.c                         0x00000000   Number         0  pid.o ABSOLUTE
    Matlab_PID\pid_data.c                    0x00000000   Number         0  pid_data.o ABSOLUTE
    Matlab_STR\rtGetInf.c                    0x00000000   Number         0  rtgetinf.o ABSOLUTE
    Matlab_STR\rtGetNaN.c                    0x00000000   Number         0  rtgetnan.o ABSOLUTE
    Matlab_STR\rt_nonfinite.c                0x00000000   Number         0  rt_nonfinite.o ABSOLUTE
    Matlab_STR\rt_pow_snf.c                  0x00000000   Number         0  rt_pow_snf.o ABSOLUTE
    Matlab_STR\str.c                         0x00000000   Number         0  str.o ABSOLUTE
    Matlab_STR\str_data.c                    0x00000000   Number         0  str_data.o ABSOLUTE
    STM32F4xx_StdPeriph_Driver\\src\\misc.c  0x00000000   Number         0  misc.o ABSOLUTE
    STM32F4xx_StdPeriph_Driver\\src\\stm32f4xx_dma.c 0x00000000   Number         0  stm32f4xx_dma.o ABSOLUTE
    STM32F4xx_StdPeriph_Driver\\src\\stm32f4xx_gpio.c 0x00000000   Number         0  stm32f4xx_gpio.o ABSOLUTE
    STM32F4xx_StdPeriph_Driver\\src\\stm32f4xx_rcc.c 0x00000000   Number         0  stm32f4xx_rcc.o ABSOLUTE
    STM32F4xx_StdPeriph_Driver\\src\\stm32f4xx_tim.c 0x00000000   Number         0  stm32f4xx_tim.o ABSOLUTE
    STM32F4xx_StdPeriph_Driver\\src\\stm32f4xx_usart.c 0x00000000   Number         0  stm32f4xx_usart.o ABSOLUTE
    STM32F4xx_StdPeriph_Driver\src\misc.c    0x00000000   Number         0  misc.o ABSOLUTE
    STM32F4xx_StdPeriph_Driver\src\stm32f4xx_dma.c 0x00000000   Number         0  stm32f4xx_dma.o ABSOLUTE
    STM32F4xx_StdPeriph_Driver\src\stm32f4xx_gpio.c 0x00000000   Number         0  stm32f4xx_gpio.o ABSOLUTE
    STM32F4xx_StdPeriph_Driver\src\stm32f4xx_rcc.c 0x00000000   Number         0  stm32f4xx_rcc.o ABSOLUTE
    STM32F4xx_StdPeriph_Driver\src\stm32f4xx_tim.c 0x00000000   Number         0  stm32f4xx_tim.o ABSOLUTE
    STM32F4xx_StdPeriph_Driver\src\stm32f4xx_usart.c 0x00000000   Number         0  stm32f4xx_usart.o ABSOLUTE
    dc.s                                     0x00000000   Number         0  dc.o ABSOLUTE
    driver.c                                 0x00000000   Number         0  driver.o ABSOLUTE
    driver.c                                 0x00000000   Number         0  driver.o ABSOLUTE
    main.c                                   0x00000000   Number         0  main.o ABSOLUTE
    main.c                                   0x00000000   Number         0  main.o ABSOLUTE
    startup_stm32f40_41xxx.s                 0x00000000   Number         0  startup_stm32f40_41xxx.o ABSOLUTE
    system_stm32f4xx.c                       0x00000000   Number         0  system_stm32f4xx.o ABSOLUTE
    system_stm32f4xx.c                       0x00000000   Number         0  system_stm32f4xx.o ABSOLUTE
    system_timetick.c                        0x00000000   Number         0  system_timetick.o ABSOLUTE
    system_timetick.c                        0x00000000   Number         0  system_timetick.o ABSOLUTE
    RESET                                    0x08000000   Section      392  startup_stm32f40_41xxx.o(RESET)
    !!!main                                  0x08000188   Section        8  __main.o(!!!main)
    !!!scatter                               0x08000190   Section       52  __scatter.o(!!!scatter)
    !!dczerorl2                              0x080001c4   Section       90  __dczerorl2.o(!!dczerorl2)
    !!handler_zi                             0x08000220   Section       28  __scatter_zi.o(!!handler_zi)
    .ARM.Collect$$libinit$$00000000          0x0800023c   Section        2  libinit.o(.ARM.Collect$$libinit$$00000000)
    .ARM.Collect$$libinit$$00000001          0x0800023e   Section        4  libinit2.o(.ARM.Collect$$libinit$$00000001)
    .ARM.Collect$$libinit$$00000004          0x08000242   Section        0  libinit2.o(.ARM.Collect$$libinit$$00000004)
    .ARM.Collect$$libinit$$0000000A          0x08000242   Section        0  libinit2.o(.ARM.Collect$$libinit$$0000000A)
    .ARM.Collect$$libinit$$0000000C          0x08000242   Section        0  libinit2.o(.ARM.Collect$$libinit$$0000000C)
    .ARM.Collect$$libinit$$0000000E          0x08000242   Section        0  libinit2.o(.ARM.Collect$$libinit$$0000000E)
    .ARM.Collect$$libinit$$00000011          0x08000242   Section        0  libinit2.o(.ARM.Collect$$libinit$$00000011)
    .ARM.Collect$$libinit$$00000013          0x08000242   Section        0  libinit2.o(.ARM.Collect$$libinit$$00000013)
    .ARM.Collect$$libinit$$00000015          0x08000242   Section        0  libinit2.o(.ARM.Collect$$libinit$$00000015)
    .ARM.Collect$$libinit$$00000017          0x08000242   Section        0  libinit2.o(.ARM.Collect$$libinit$$00000017)
    .ARM.Collect$$libinit$$00000019          0x08000242   Section        0  libinit2.o(.ARM.Collect$$libinit$$00000019)
    .ARM.Collect$$libinit$$0000001B          0x08000242   Section        0  libinit2.o(.ARM.Collect$$libinit$$0000001B)
    .ARM.Collect$$libinit$$0000001D          0x08000242   Section        0  libinit2.o(.ARM.Collect$$libinit$$0000001D)
    .ARM.Collect$$libinit$$0000001F          0x08000242   Section        0  libinit2.o(.ARM.Collect$$libinit$$0000001F)
    .ARM.Collect$$libinit$$00000021          0x08000242   Section        0  libinit2.o(.ARM.Collect$$libinit$$00000021)
    .ARM.Collect$$libinit$$00000023          0x08000242   Section        0  libinit2.o(.ARM.Collect$$libinit$$00000023)
    .ARM.Collect$$libinit$$00000025          0x08000242   Section        0  libinit2.o(.ARM.Collect$$libinit$$00000025)
    .ARM.Collect$$libinit$$0000002C          0x08000242   Section        0  libinit2.o(.ARM.Collect$$libinit$$0000002C)
    .ARM.Collect$$libinit$$0000002E          0x08000242   Section        0  libinit2.o(.ARM.Collect$$libinit$$0000002E)
    .ARM.Collect$$libinit$$00000030          0x08000242   Section        0  libinit2.o(.ARM.Collect$$libinit$$00000030)
    .ARM.Collect$$libinit$$00000032          0x08000242   Section        0  libinit2.o(.ARM.Collect$$libinit$$00000032)
    .ARM.Collect$$libinit$$00000033          0x08000242   Section        2  libinit2.o(.ARM.Collect$$libinit$$00000033)
    .ARM.Collect$$libshutdown$$00000000      0x08000244   Section        2  libshutdown.o(.ARM.Collect$$libshutdown$$00000000)
    .ARM.Collect$$libshutdown$$00000002      0x08000246   Section        0  libshutdown2.o(.ARM.Collect$$libshutdown$$00000002)
    .ARM.Collect$$libshutdown$$00000004      0x08000246   Section        0  libshutdown2.o(.ARM.Collect$$libshutdown$$00000004)
    .ARM.Collect$$libshutdown$$00000007      0x08000246   Section        0  libshutdown2.o(.ARM.Collect$$libshutdown$$00000007)
    .ARM.Collect$$libshutdown$$0000000A      0x08000246   Section        0  libshutdown2.o(.ARM.Collect$$libshutdown$$0000000A)
    .ARM.Collect$$libshutdown$$0000000C      0x08000246   Section        0  libshutdown2.o(.ARM.Collect$$libshutdown$$0000000C)
    .ARM.Collect$$libshutdown$$0000000F      0x08000246   Section        0  libshutdown2.o(.ARM.Collect$$libshutdown$$0000000F)
    .ARM.Collect$$libshutdown$$00000010      0x08000246   Section        2  libshutdown2.o(.ARM.Collect$$libshutdown$$00000010)
    .ARM.Collect$$rtentry$$00000000          0x08000248   Section        0  __rtentry.o(.ARM.Collect$$rtentry$$00000000)
    .ARM.Collect$$rtentry$$00000002          0x08000248   Section        0  __rtentry2.o(.ARM.Collect$$rtentry$$00000002)
    .ARM.Collect$$rtentry$$00000004          0x08000248   Section        6  __rtentry4.o(.ARM.Collect$$rtentry$$00000004)
    .ARM.Collect$$rtentry$$00000009          0x0800024e   Section        0  __rtentry2.o(.ARM.Collect$$rtentry$$00000009)
    .ARM.Collect$$rtentry$$0000000A          0x0800024e   Section        4  __rtentry2.o(.ARM.Collect$$rtentry$$0000000A)
    .ARM.Collect$$rtentry$$0000000C          0x08000252   Section        0  __rtentry2.o(.ARM.Collect$$rtentry$$0000000C)
    .ARM.Collect$$rtentry$$0000000D          0x08000252   Section        8  __rtentry2.o(.ARM.Collect$$rtentry$$0000000D)
    .ARM.Collect$$rtexit$$00000000           0x0800025a   Section        2  rtexit.o(.ARM.Collect$$rtexit$$00000000)
    .ARM.Collect$$rtexit$$00000002           0x0800025c   Section        0  rtexit2.o(.ARM.Collect$$rtexit$$00000002)
    .ARM.Collect$$rtexit$$00000003           0x0800025c   Section        4  rtexit2.o(.ARM.Collect$$rtexit$$00000003)
    .ARM.Collect$$rtexit$$00000004           0x08000260   Section        6  rtexit2.o(.ARM.Collect$$rtexit$$00000004)
    .text                                    0x08000268   Section       64  startup_stm32f40_41xxx.o(.text)
    $v0                                      0x08000268   Number         0  startup_stm32f40_41xxx.o(.text)
    .text                                    0x080002a8   Section      100  rt_memcpy_w.o(.text)
    .text                                    0x0800030c   Section       78  rt_memclr_w.o(.text)
    .text                                    0x0800035a   Section        0  heapauxi.o(.text)
    .text                                    0x08000360   Section        0  _rserrno.o(.text)
    .text                                    0x08000378   Section        8  rt_errno_addr_intlibspace.o(.text)
    .text                                    0x08000380   Section        8  libspace.o(.text)
    .text                                    0x08000388   Section       74  sys_stackheap_outer.o(.text)
    .text                                    0x080003d2   Section        0  exit.o(.text)
    .text                                    0x080003e4   Section        0  sys_exit.o(.text)
    .text                                    0x080003f0   Section        2  use_no_semi.o(.text)
    .text                                    0x080003f2   Section        0  indicate_semi.o(.text)
    i.BusFault_Handler                       0x080003f2   Section        0  system_timetick.o(i.BusFault_Handler)
    i.Convert_To_ASCII                       0x080003f6   Section        0  main.o(i.Convert_To_ASCII)
    i.DMA_ClearFlag                          0x0800043c   Section        0  stm32f4xx_dma.o(i.DMA_ClearFlag)
    i.DMA_Cmd                                0x08000470   Section        0  stm32f4xx_dma.o(i.DMA_Cmd)
    i.DMA_Init                               0x08000488   Section        0  stm32f4xx_dma.o(i.DMA_Init)
    i.DebugMon_Handler                       0x080004e0   Section        0  system_timetick.o(i.DebugMon_Handler)
    i.ENC0_GetPos                            0x080004e4   Section        0  driver.o(i.ENC0_GetPos)
    i.GPIO_Init                              0x08000558   Section        0  stm32f4xx_gpio.o(i.GPIO_Init)
    i.GPIO_PinAFConfig                       0x080005e8   Section        0  stm32f4xx_gpio.o(i.GPIO_PinAFConfig)
    i.GPIO_ResetBits                         0x0800062e   Section        0  stm32f4xx_gpio.o(i.GPIO_ResetBits)
    i.GPIO_SetBits                           0x08000632   Section        0  stm32f4xx_gpio.o(i.GPIO_SetBits)
    i.HardFault_Handler                      0x08000636   Section        0  system_timetick.o(i.HardFault_Handler)
    i.MemManage_Handler                      0x0800063a   Section        0  system_timetick.o(i.MemManage_Handler)
    i.NMI_Handler                            0x0800063e   Section        0  system_timetick.o(i.NMI_Handler)
    i.PWM0_Set_Duty                          0x08000640   Section        0  driver.o(i.PWM0_Set_Duty)
    i.PWM0_Set_Freq                          0x080006c4   Section        0  driver.o(i.PWM0_Set_Freq)
    i.PendSV_Handler                         0x080006f0   Section        0  system_timetick.o(i.PendSV_Handler)
    i.RCC_AHB1PeriphClockCmd                 0x080006f4   Section        0  stm32f4xx_rcc.o(i.RCC_AHB1PeriphClockCmd)
    i.RCC_APB1PeriphClockCmd                 0x08000714   Section        0  stm32f4xx_rcc.o(i.RCC_APB1PeriphClockCmd)
    i.RCC_APB2PeriphClockCmd                 0x08000734   Section        0  stm32f4xx_rcc.o(i.RCC_APB2PeriphClockCmd)
    i.RCC_GetClocksFreq                      0x08000754   Section        0  stm32f4xx_rcc.o(i.RCC_GetClocksFreq)
    i.SVC_Handler                            0x0800083c   Section        0  system_timetick.o(i.SVC_Handler)
    i.SetSysClock                            0x08000840   Section        0  system_stm32f4xx.o(i.SetSysClock)
    SetSysClock                              0x08000841   Thumb Code   220  system_stm32f4xx.o(i.SetSysClock)
    i.SysTick_Handler                        0x0800092c   Section        0  system_timetick.o(i.SysTick_Handler)
    i.SystemInit                             0x08000954   Section        0  system_stm32f4xx.o(i.SystemInit)
    i.TIM_Cmd                                0x080009bc   Section        0  stm32f4xx_tim.o(i.TIM_Cmd)
    i.TIM_EncoderInterfaceConfig             0x080009d4   Section        0  stm32f4xx_tim.o(i.TIM_EncoderInterfaceConfig)
    i.TIM_OC1Init                            0x08000a18   Section        0  stm32f4xx_tim.o(i.TIM_OC1Init)
    i.TIM_OC1PreloadConfig                   0x08000a94   Section        0  stm32f4xx_tim.o(i.TIM_OC1PreloadConfig)
    i.TIM_TimeBaseInit                       0x08000aa8   Section        0  stm32f4xx_tim.o(i.TIM_TimeBaseInit)
    i.USART_Cmd                              0x08000b2c   Section        0  stm32f4xx_usart.o(i.USART_Cmd)
    i.USART_DMACmd                           0x08000b44   Section        0  stm32f4xx_usart.o(i.USART_DMACmd)
    i.USART_Init                             0x08000b58   Section        0  stm32f4xx_usart.o(i.USART_Init)
    i.UsageFault_Handler                     0x08000c2c   Section        0  system_timetick.o(i.UsageFault_Handler)
    i.__ARM_fpclassify                       0x08000c30   Section        0  fpclassify.o(i.__ARM_fpclassify)
    i.__hardfp_fabs                          0x08000c60   Section        0  fabs.o(i.__hardfp_fabs)
    i.__hardfp_floor                         0x08000c78   Section        0  floor.o(i.__hardfp_floor)
    i.__hardfp_pow                           0x08000d90   Section        0  pow.o(i.__hardfp_pow)
    i.__hardfp_sqrt                          0x080019e0   Section        0  sqrt.o(i.__hardfp_sqrt)
    i.__kernel_poly                          0x08001a5a   Section        0  poly.o(i.__kernel_poly)
    i.__mathlib_dbl_divzero                  0x08001b58   Section        0  dunder.o(i.__mathlib_dbl_divzero)
    i.__mathlib_dbl_infnan2                  0x08001b88   Section        0  dunder.o(i.__mathlib_dbl_infnan2)
    i.__mathlib_dbl_invalid                  0x08001ba0   Section        0  dunder.o(i.__mathlib_dbl_invalid)
    i.__mathlib_dbl_overflow                 0x08001bc0   Section        0  dunder.o(i.__mathlib_dbl_overflow)
    i.__mathlib_dbl_underflow                0x08001be0   Section        0  dunder.o(i.__mathlib_dbl_underflow)
    i.delay_01ms                             0x08001c00   Section        0  driver.o(i.delay_01ms)
    i.fabs                                   0x08001c48   Section        0  fabs.o(i.fabs)
    i.init_main                              0x08001c60   Section        0  driver.o(i.init_main)
    i.init_uart_dma                          0x08001da4   Section        0  main.o(i.init_uart_dma)
    i.main                                   0x08001ea4   Section        0  main.o(i.main)
    i.rtGetInf                               0x08002108   Section        0  rtgetinf.o(i.rtGetInf)
    i.rtGetInfF                              0x080021a0   Section        0  rtgetinf.o(i.rtGetInfF)
    i.rtGetMinusInf                          0x080021b0   Section        0  rtgetinf.o(i.rtGetMinusInf)
    i.rtGetMinusInfF                         0x08002248   Section        0  rtgetinf.o(i.rtGetMinusInfF)
    i.rtGetNaN                               0x08002258   Section        0  rtgetnan.o(i.rtGetNaN)
    i.rtGetNaNF                              0x080022f4   Section        0  rtgetnan.o(i.rtGetNaNF)
    i.rtIsInf                                0x0800232c   Section        0  rt_nonfinite.o(i.rtIsInf)
    i.rtIsNaN                                0x08002378   Section        0  rt_nonfinite.o(i.rtIsNaN)
    i.rt_InitInfAndNaN                       0x080023a0   Section        0  rt_nonfinite.o(i.rt_InitInfAndNaN)
    i.rt_OneStep                             0x080023fc   Section        0  main.o(i.rt_OneStep)
    i.rt_pow_snf                             0x08002438   Section        0  rt_pow_snf.o(i.rt_pow_snf)
    i.sqrt                                   0x08002688   Section        0  sqrt.o(i.sqrt)
    i.str_initialize                         0x080026f8   Section        0  str.o(i.str_initialize)
    i.str_step                               0x080027f8   Section        0  str.o(i.str_step)
    x$fpl$basic                              0x08004000   Section       24  basic.o(x$fpl$basic)
    $v0                                      0x08004000   Number         0  basic.o(x$fpl$basic)
    x$fpl$dadd                               0x08004018   Section      336  daddsub_clz.o(x$fpl$dadd)
    $v0                                      0x08004018   Number         0  daddsub_clz.o(x$fpl$dadd)
    _dadd1                                   0x08004029   Thumb Code     0  daddsub_clz.o(x$fpl$dadd)
    x$fpl$dcheck1                            0x08004168   Section       16  dcheck1.o(x$fpl$dcheck1)
    $v0                                      0x08004168   Number         0  dcheck1.o(x$fpl$dcheck1)
    x$fpl$dcmpinf                            0x08004178   Section       24  dcmpi.o(x$fpl$dcmpinf)
    $v0                                      0x08004178   Number         0  dcmpi.o(x$fpl$dcmpinf)
    x$fpl$ddiv                               0x08004190   Section      688  ddiv.o(x$fpl$ddiv)
    $v0                                      0x08004190   Number         0  ddiv.o(x$fpl$ddiv)
    ddiv_entry                               0x08004197   Thumb Code     0  ddiv.o(x$fpl$ddiv)
    x$fpl$deqf                               0x08004440   Section      120  deqf.o(x$fpl$deqf)
    $v0                                      0x08004440   Number         0  deqf.o(x$fpl$deqf)
    x$fpl$dfix                               0x080044b8   Section       94  dfix.o(x$fpl$dfix)
    $v0                                      0x080044b8   Number         0  dfix.o(x$fpl$dfix)
    x$fpl$dflt                               0x08004516   Section       46  dflt_clz.o(x$fpl$dflt)
    $v0                                      0x08004516   Number         0  dflt_clz.o(x$fpl$dflt)
    x$fpl$dleqf                              0x08004544   Section      120  dleqf.o(x$fpl$dleqf)
    $v0                                      0x08004544   Number         0  dleqf.o(x$fpl$dleqf)
    x$fpl$dmul                               0x080045bc   Section      340  dmul.o(x$fpl$dmul)
    $v0                                      0x080045bc   Number         0  dmul.o(x$fpl$dmul)
    x$fpl$dnaninf                            0x08004710   Section      156  dnaninf.o(x$fpl$dnaninf)
    $v0                                      0x08004710   Number         0  dnaninf.o(x$fpl$dnaninf)
    x$fpl$dretinf                            0x080047ac   Section       12  dretinf.o(x$fpl$dretinf)
    $v0                                      0x080047ac   Number         0  dretinf.o(x$fpl$dretinf)
    x$fpl$drleqf                             0x080047b8   Section      108  drleqf.o(x$fpl$drleqf)
    $v0                                      0x080047b8   Number         0  drleqf.o(x$fpl$drleqf)
    x$fpl$drsb                               0x08004824   Section       22  daddsub_clz.o(x$fpl$drsb)
    $v0                                      0x08004824   Number         0  daddsub_clz.o(x$fpl$drsb)
    x$fpl$dsqrt                              0x0800483c   Section      408  dsqrt_umaal.o(x$fpl$dsqrt)
    $v0                                      0x0800483c   Number         0  dsqrt_umaal.o(x$fpl$dsqrt)
    x$fpl$dsub                               0x080049d4   Section      468  daddsub_clz.o(x$fpl$dsub)
    $v0                                      0x080049d4   Number         0  daddsub_clz.o(x$fpl$dsub)
    _dsub1                                   0x080049e5   Thumb Code     0  daddsub_clz.o(x$fpl$dsub)
    x$fpl$f2d                                0x08004ba8   Section       86  f2d.o(x$fpl$f2d)
    $v0                                      0x08004ba8   Number         0  f2d.o(x$fpl$f2d)
    x$fpl$fnaninf                            0x08004bfe   Section      140  fnaninf.o(x$fpl$fnaninf)
    $v0                                      0x08004bfe   Number         0  fnaninf.o(x$fpl$fnaninf)
    x$fpl$fpinit                             0x08004c8a   Section       10  fpinit.o(x$fpl$fpinit)
    $v0                                      0x08004c8a   Number         0  fpinit.o(x$fpl$fpinit)
    x$fpl$retnan                             0x08004c94   Section      100  retnan.o(x$fpl$retnan)
    $v0                                      0x08004c94   Number         0  retnan.o(x$fpl$retnan)
    x$fpl$scalbn                             0x08004cf8   Section       92  scalbn.o(x$fpl$scalbn)
    $v0                                      0x08004cf8   Number         0  scalbn.o(x$fpl$scalbn)
    x$fpl$trapveneer                         0x08004d54   Section       48  trapv.o(x$fpl$trapveneer)
    $v0                                      0x08004d54   Number         0  trapv.o(x$fpl$trapveneer)
    x$fpl$usenofp                            0x08004d84   Section        0  usenofp.o(x$fpl$usenofp)
    .constdata                               0x08004d88   Section      136  pow.o(.constdata)
    bp                                       0x08004d88   Data          16  pow.o(.constdata)
    dp_h                                     0x08004d98   Data          16  pow.o(.constdata)
    dp_l                                     0x08004da8   Data          16  pow.o(.constdata)
    L                                        0x08004db8   Data          48  pow.o(.constdata)
    P                                        0x08004de8   Data          40  pow.o(.constdata)
    .constdata                               0x08004e10   Section        8  qnan.o(.constdata)
    .data                                    0x20000000   Section       16  driver.o(.data)
    p                                        0x20000000   Data           4  driver.o(.data)
    p_pre                                    0x20000004   Data           4  driver.o(.data)
    dp                                       0x20000008   Data           4  driver.o(.data)
    pulse_cur                                0x2000000c   Data           4  driver.o(.data)
    .data                                    0x20000010   Section       48  main.o(.data)
    OverrunFlag                              0x20000010   Data           1  main.o(.data)
    .data                                    0x20000040   Section       12  system_timetick.o(.data)
    .data                                    0x2000004c   Section       20  system_stm32f4xx.o(.data)
    .data                                    0x20000060   Section        8  pid.o(.data)
    .data                                    0x20000068   Section       36  rt_nonfinite.o(.data)
    .data                                    0x2000008c   Section        8  str.o(.data)
    .data                                    0x20000098   Section      248  str_data.o(.data)
    .data                                    0x20000190   Section       16  stm32f4xx_rcc.o(.data)
    APBAHBPrescTable                         0x20000190   Data          16  stm32f4xx_rcc.o(.data)
    .bss                                     0x200001a0   Section       20  main.o(.bss)
    .bss                                     0x200001b8   Section      224  str.o(.bss)
    .bss                                     0x20000298   Section       96  libspace.o(.bss)
    HEAP                                     0x200002f8   Section      512  startup_stm32f40_41xxx.o(HEAP)
    Heap_Mem                                 0x200002f8   Data         512  startup_stm32f40_41xxx.o(HEAP)
    STACK                                    0x200004f8   Section     1024  startup_stm32f40_41xxx.o(STACK)
    Stack_Mem                                0x200004f8   Data        1024  startup_stm32f40_41xxx.o(STACK)
    __initial_sp                             0x200008f8   Data           0  startup_stm32f40_41xxx.o(STACK)

    Global Symbols

    Symbol Name                              Value     Ov Type        Size  Object(Section)

    BuildAttributes$$THM_ISAv4$E$P$D$K$B$S$7EM$VFPi3$EXTD16$VFPS$VFMA$PE$A:L22UL41UL21$X:L11$S22US41US21$IEEE1$IW$USESV6$~STKCKD$USESV7$~SHL$OTIME$ROPI$IEEEX$EBA8$UX$STANDARDLIB$REQ8$PRES8$EABIv2 0x00000000   Number         0  anon$$obj.o ABSOLUTE
    __ARM_use_no_argv                        0x00000000   Number         0  main.o ABSOLUTE
    __ARM_exceptions_init                     - Undefined Weak Reference
    __alloca_initialize                       - Undefined Weak Reference
    __arm_preinit_                            - Undefined Weak Reference
    __cpp_initialize__aeabi_                  - Undefined Weak Reference
    __cxa_finalize                            - Undefined Weak Reference
    __rt_locale                               - Undefined Weak Reference
    __sigvec_lookup                           - Undefined Weak Reference
    _atexit_init                              - Undefined Weak Reference
    _call_atexit_fns                          - Undefined Weak Reference
    _clock_init                               - Undefined Weak Reference
    _fp_trap_init                             - Undefined Weak Reference
    _fp_trap_shutdown                         - Undefined Weak Reference
    _get_lc_collate                           - Undefined Weak Reference
    _get_lc_ctype                             - Undefined Weak Reference
    _get_lc_monetary                          - Undefined Weak Reference
    _get_lc_numeric                           - Undefined Weak Reference
    _get_lc_time                              - Undefined Weak Reference
    _getenv_init                              - Undefined Weak Reference
    _handle_redirection                       - Undefined Weak Reference
    _init_alloc                               - Undefined Weak Reference
    _init_user_alloc                          - Undefined Weak Reference
    _initio                                   - Undefined Weak Reference
    _rand_init                                - Undefined Weak Reference
    _signal_finish                            - Undefined Weak Reference
    _signal_init                              - Undefined Weak Reference
    _terminate_alloc                          - Undefined Weak Reference
    _terminate_user_alloc                     - Undefined Weak Reference
    _terminateio                              - Undefined Weak Reference
    __Vectors_Size                           0x00000188   Number         0  startup_stm32f40_41xxx.o ABSOLUTE
    __Vectors                                0x08000000   Data           4  startup_stm32f40_41xxx.o(RESET)
    __Vectors_End                            0x08000188   Data           0  startup_stm32f40_41xxx.o(RESET)
    __main                                   0x08000189   Thumb Code     8  __main.o(!!!main)
    __scatterload                            0x08000191   Thumb Code     0  __scatter.o(!!!scatter)
    __scatterload_rt2                        0x08000191   Thumb Code    44  __scatter.o(!!!scatter)
    __scatterload_rt2_thumb_only             0x08000191   Thumb Code     0  __scatter.o(!!!scatter)
    __scatterload_null                       0x0800019f   Thumb Code     0  __scatter.o(!!!scatter)
    __decompress                             0x080001c5   Thumb Code    90  __dczerorl2.o(!!dczerorl2)
    __decompress1                            0x080001c5   Thumb Code     0  __dczerorl2.o(!!dczerorl2)
    __scatterload_zeroinit                   0x08000221   Thumb Code    28  __scatter_zi.o(!!handler_zi)
    __rt_lib_init                            0x0800023d   Thumb Code     0  libinit.o(.ARM.Collect$$libinit$$00000000)
    __rt_lib_init_fp_1                       0x0800023f   Thumb Code     0  libinit2.o(.ARM.Collect$$libinit$$00000001)
    __rt_lib_init_alloca_1                   0x08000243   Thumb Code     0  libinit2.o(.ARM.Collect$$libinit$$0000002E)
    __rt_lib_init_argv_1                     0x08000243   Thumb Code     0  libinit2.o(.ARM.Collect$$libinit$$0000002C)
    __rt_lib_init_atexit_1                   0x08000243   Thumb Code     0  libinit2.o(.ARM.Collect$$libinit$$0000001B)
    __rt_lib_init_clock_1                    0x08000243   Thumb Code     0  libinit2.o(.ARM.Collect$$libinit$$00000021)
    __rt_lib_init_cpp_1                      0x08000243   Thumb Code     0  libinit2.o(.ARM.Collect$$libinit$$00000032)
    __rt_lib_init_exceptions_1               0x08000243   Thumb Code     0  libinit2.o(.ARM.Collect$$libinit$$00000030)
    __rt_lib_init_fp_trap_1                  0x08000243   Thumb Code     0  libinit2.o(.ARM.Collect$$libinit$$0000001F)
    __rt_lib_init_getenv_1                   0x08000243   Thumb Code     0  libinit2.o(.ARM.Collect$$libinit$$00000023)
    __rt_lib_init_heap_1                     0x08000243   Thumb Code     0  libinit2.o(.ARM.Collect$$libinit$$0000000A)
    __rt_lib_init_lc_collate_1               0x08000243   Thumb Code     0  libinit2.o(.ARM.Collect$$libinit$$00000011)
    __rt_lib_init_lc_ctype_1                 0x08000243   Thumb Code     0  libinit2.o(.ARM.Collect$$libinit$$00000013)
    __rt_lib_init_lc_monetary_1              0x08000243   Thumb Code     0  libinit2.o(.ARM.Collect$$libinit$$00000015)
    __rt_lib_init_lc_numeric_1               0x08000243   Thumb Code     0  libinit2.o(.ARM.Collect$$libinit$$00000017)
    __rt_lib_init_lc_time_1                  0x08000243   Thumb Code     0  libinit2.o(.ARM.Collect$$libinit$$00000019)
    __rt_lib_init_preinit_1                  0x08000243   Thumb Code     0  libinit2.o(.ARM.Collect$$libinit$$00000004)
    __rt_lib_init_rand_1                     0x08000243   Thumb Code     0  libinit2.o(.ARM.Collect$$libinit$$0000000E)
    __rt_lib_init_return                     0x08000243   Thumb Code     0  libinit2.o(.ARM.Collect$$libinit$$00000033)
    __rt_lib_init_signal_1                   0x08000243   Thumb Code     0  libinit2.o(.ARM.Collect$$libinit$$0000001D)
    __rt_lib_init_stdio_1                    0x08000243   Thumb Code     0  libinit2.o(.ARM.Collect$$libinit$$00000025)
    __rt_lib_init_user_alloc_1               0x08000243   Thumb Code     0  libinit2.o(.ARM.Collect$$libinit$$0000000C)
    __rt_lib_shutdown                        0x08000245   Thumb Code     0  libshutdown.o(.ARM.Collect$$libshutdown$$00000000)
    __rt_lib_shutdown_cpp_1                  0x08000247   Thumb Code     0  libshutdown2.o(.ARM.Collect$$libshutdown$$00000002)
    __rt_lib_shutdown_fp_trap_1              0x08000247   Thumb Code     0  libshutdown2.o(.ARM.Collect$$libshutdown$$00000007)
    __rt_lib_shutdown_heap_1                 0x08000247   Thumb Code     0  libshutdown2.o(.ARM.Collect$$libshutdown$$0000000F)
    __rt_lib_shutdown_return                 0x08000247   Thumb Code     0  libshutdown2.o(.ARM.Collect$$libshutdown$$00000010)
    __rt_lib_shutdown_signal_1               0x08000247   Thumb Code     0  libshutdown2.o(.ARM.Collect$$libshutdown$$0000000A)
    __rt_lib_shutdown_stdio_1                0x08000247   Thumb Code     0  libshutdown2.o(.ARM.Collect$$libshutdown$$00000004)
    __rt_lib_shutdown_user_alloc_1           0x08000247   Thumb Code     0  libshutdown2.o(.ARM.Collect$$libshutdown$$0000000C)
    __rt_entry                               0x08000249   Thumb Code     0  __rtentry.o(.ARM.Collect$$rtentry$$00000000)
    __rt_entry_presh_1                       0x08000249   Thumb Code     0  __rtentry2.o(.ARM.Collect$$rtentry$$00000002)
    __rt_entry_sh                            0x08000249   Thumb Code     0  __rtentry4.o(.ARM.Collect$$rtentry$$00000004)
    __rt_entry_li                            0x0800024f   Thumb Code     0  __rtentry2.o(.ARM.Collect$$rtentry$$0000000A)
    __rt_entry_postsh_1                      0x0800024f   Thumb Code     0  __rtentry2.o(.ARM.Collect$$rtentry$$00000009)
    __rt_entry_main                          0x08000253   Thumb Code     0  __rtentry2.o(.ARM.Collect$$rtentry$$0000000D)
    __rt_entry_postli_1                      0x08000253   Thumb Code     0  __rtentry2.o(.ARM.Collect$$rtentry$$0000000C)
    __rt_exit                                0x0800025b   Thumb Code     0  rtexit.o(.ARM.Collect$$rtexit$$00000000)
    __rt_exit_ls                             0x0800025d   Thumb Code     0  rtexit2.o(.ARM.Collect$$rtexit$$00000003)
    __rt_exit_prels_1                        0x0800025d   Thumb Code     0  rtexit2.o(.ARM.Collect$$rtexit$$00000002)
    __rt_exit_exit                           0x08000261   Thumb Code     0  rtexit2.o(.ARM.Collect$$rtexit$$00000004)
    Reset_Handler                            0x08000269   Thumb Code     8  startup_stm32f40_41xxx.o(.text)
    ADC_IRQHandler                           0x08000283   Thumb Code     0  startup_stm32f40_41xxx.o(.text)
    CAN1_RX0_IRQHandler                      0x08000283   Thumb Code     0  startup_stm32f40_41xxx.o(.text)
    CAN1_RX1_IRQHandler                      0x08000283   Thumb Code     0  startup_stm32f40_41xxx.o(.text)
    CAN1_SCE_IRQHandler                      0x08000283   Thumb Code     0  startup_stm32f40_41xxx.o(.text)
    CAN1_TX_IRQHandler                       0x08000283   Thumb Code     0  startup_stm32f40_41xxx.o(.text)
    CAN2_RX0_IRQHandler                      0x08000283   Thumb Code     0  startup_stm32f40_41xxx.o(.text)
    CAN2_RX1_IRQHandler                      0x08000283   Thumb Code     0  startup_stm32f40_41xxx.o(.text)
    CAN2_SCE_IRQHandler                      0x08000283   Thumb Code     0  startup_stm32f40_41xxx.o(.text)
    CAN2_TX_IRQHandler                       0x08000283   Thumb Code     0  startup_stm32f40_41xxx.o(.text)
    CRYP_IRQHandler                          0x08000283   Thumb Code     0  startup_stm32f40_41xxx.o(.text)
    DCMI_IRQHandler                          0x08000283   Thumb Code     0  startup_stm32f40_41xxx.o(.text)
    DMA1_Stream0_IRQHandler                  0x08000283   Thumb Code     0  startup_stm32f40_41xxx.o(.text)
    DMA1_Stream1_IRQHandler                  0x08000283   Thumb Code     0  startup_stm32f40_41xxx.o(.text)
    DMA1_Stream2_IRQHandler                  0x08000283   Thumb Code     0  startup_stm32f40_41xxx.o(.text)
    DMA1_Stream3_IRQHandler                  0x08000283   Thumb Code     0  startup_stm32f40_41xxx.o(.text)
    DMA1_Stream4_IRQHandler                  0x08000283   Thumb Code     0  startup_stm32f40_41xxx.o(.text)
    DMA1_Stream5_IRQHandler                  0x08000283   Thumb Code     0  startup_stm32f40_41xxx.o(.text)
    DMA1_Stream6_IRQHandler                  0x08000283   Thumb Code     0  startup_stm32f40_41xxx.o(.text)
    DMA1_Stream7_IRQHandler                  0x08000283   Thumb Code     0  startup_stm32f40_41xxx.o(.text)
    DMA2_Stream0_IRQHandler                  0x08000283   Thumb Code     0  startup_stm32f40_41xxx.o(.text)
    DMA2_Stream1_IRQHandler                  0x08000283   Thumb Code     0  startup_stm32f40_41xxx.o(.text)
    DMA2_Stream2_IRQHandler                  0x08000283   Thumb Code     0  startup_stm32f40_41xxx.o(.text)
    DMA2_Stream3_IRQHandler                  0x08000283   Thumb Code     0  startup_stm32f40_41xxx.o(.text)
    DMA2_Stream4_IRQHandler                  0x08000283   Thumb Code     0  startup_stm32f40_41xxx.o(.text)
    DMA2_Stream5_IRQHandler                  0x08000283   Thumb Code     0  startup_stm32f40_41xxx.o(.text)
    DMA2_Stream6_IRQHandler                  0x08000283   Thumb Code     0  startup_stm32f40_41xxx.o(.text)
    DMA2_Stream7_IRQHandler                  0x08000283   Thumb Code     0  startup_stm32f40_41xxx.o(.text)
    ETH_IRQHandler                           0x08000283   Thumb Code     0  startup_stm32f40_41xxx.o(.text)
    ETH_WKUP_IRQHandler                      0x08000283   Thumb Code     0  startup_stm32f40_41xxx.o(.text)
    EXTI0_IRQHandler                         0x08000283   Thumb Code     0  startup_stm32f40_41xxx.o(.text)
    EXTI15_10_IRQHandler                     0x08000283   Thumb Code     0  startup_stm32f40_41xxx.o(.text)
    EXTI1_IRQHandler                         0x08000283   Thumb Code     0  startup_stm32f40_41xxx.o(.text)
    EXTI2_IRQHandler                         0x08000283   Thumb Code     0  startup_stm32f40_41xxx.o(.text)
    EXTI3_IRQHandler                         0x08000283   Thumb Code     0  startup_stm32f40_41xxx.o(.text)
    EXTI4_IRQHandler                         0x08000283   Thumb Code     0  startup_stm32f40_41xxx.o(.text)
    EXTI9_5_IRQHandler                       0x08000283   Thumb Code     0  startup_stm32f40_41xxx.o(.text)
    FLASH_IRQHandler                         0x08000283   Thumb Code     0  startup_stm32f40_41xxx.o(.text)
    FPU_IRQHandler                           0x08000283   Thumb Code     0  startup_stm32f40_41xxx.o(.text)
    FSMC_IRQHandler                          0x08000283   Thumb Code     0  startup_stm32f40_41xxx.o(.text)
    HASH_RNG_IRQHandler                      0x08000283   Thumb Code     0  startup_stm32f40_41xxx.o(.text)
    I2C1_ER_IRQHandler                       0x08000283   Thumb Code     0  startup_stm32f40_41xxx.o(.text)
    I2C1_EV_IRQHandler                       0x08000283   Thumb Code     0  startup_stm32f40_41xxx.o(.text)
    I2C2_ER_IRQHandler                       0x08000283   Thumb Code     0  startup_stm32f40_41xxx.o(.text)
    I2C2_EV_IRQHandler                       0x08000283   Thumb Code     0  startup_stm32f40_41xxx.o(.text)
    I2C3_ER_IRQHandler                       0x08000283   Thumb Code     0  startup_stm32f40_41xxx.o(.text)
    I2C3_EV_IRQHandler                       0x08000283   Thumb Code     0  startup_stm32f40_41xxx.o(.text)
    OTG_FS_IRQHandler                        0x08000283   Thumb Code     0  startup_stm32f40_41xxx.o(.text)
    OTG_FS_WKUP_IRQHandler                   0x08000283   Thumb Code     0  startup_stm32f40_41xxx.o(.text)
    OTG_HS_EP1_IN_IRQHandler                 0x08000283   Thumb Code     0  startup_stm32f40_41xxx.o(.text)
    OTG_HS_EP1_OUT_IRQHandler                0x08000283   Thumb Code     0  startup_stm32f40_41xxx.o(.text)
    OTG_HS_IRQHandler                        0x08000283   Thumb Code     0  startup_stm32f40_41xxx.o(.text)
    OTG_HS_WKUP_IRQHandler                   0x08000283   Thumb Code     0  startup_stm32f40_41xxx.o(.text)
    PVD_IRQHandler                           0x08000283   Thumb Code     0  startup_stm32f40_41xxx.o(.text)
    RCC_IRQHandler                           0x08000283   Thumb Code     0  startup_stm32f40_41xxx.o(.text)
    RTC_Alarm_IRQHandler                     0x08000283   Thumb Code     0  startup_stm32f40_41xxx.o(.text)
    RTC_WKUP_IRQHandler                      0x08000283   Thumb Code     0  startup_stm32f40_41xxx.o(.text)
    SDIO_IRQHandler                          0x08000283   Thumb Code     0  startup_stm32f40_41xxx.o(.text)
    SPI1_IRQHandler                          0x08000283   Thumb Code     0  startup_stm32f40_41xxx.o(.text)
    SPI2_IRQHandler                          0x08000283   Thumb Code     0  startup_stm32f40_41xxx.o(.text)
    SPI3_IRQHandler                          0x08000283   Thumb Code     0  startup_stm32f40_41xxx.o(.text)
    TAMP_STAMP_IRQHandler                    0x08000283   Thumb Code     0  startup_stm32f40_41xxx.o(.text)
    TIM1_BRK_TIM9_IRQHandler                 0x08000283   Thumb Code     0  startup_stm32f40_41xxx.o(.text)
    TIM1_CC_IRQHandler                       0x08000283   Thumb Code     0  startup_stm32f40_41xxx.o(.text)
    TIM1_TRG_COM_TIM11_IRQHandler            0x08000283   Thumb Code     0  startup_stm32f40_41xxx.o(.text)
    TIM1_UP_TIM10_IRQHandler                 0x08000283   Thumb Code     0  startup_stm32f40_41xxx.o(.text)
    TIM2_IRQHandler                          0x08000283   Thumb Code     0  startup_stm32f40_41xxx.o(.text)
    TIM3_IRQHandler                          0x08000283   Thumb Code     0  startup_stm32f40_41xxx.o(.text)
    TIM4_IRQHandler                          0x08000283   Thumb Code     0  startup_stm32f40_41xxx.o(.text)
    TIM5_IRQHandler                          0x08000283   Thumb Code     0  startup_stm32f40_41xxx.o(.text)
    TIM6_DAC_IRQHandler                      0x08000283   Thumb Code     0  startup_stm32f40_41xxx.o(.text)
    TIM7_IRQHandler                          0x08000283   Thumb Code     0  startup_stm32f40_41xxx.o(.text)
    TIM8_BRK_TIM12_IRQHandler                0x08000283   Thumb Code     0  startup_stm32f40_41xxx.o(.text)
    TIM8_CC_IRQHandler                       0x08000283   Thumb Code     0  startup_stm32f40_41xxx.o(.text)
    TIM8_TRG_COM_TIM14_IRQHandler            0x08000283   Thumb Code     0  startup_stm32f40_41xxx.o(.text)
    TIM8_UP_TIM13_IRQHandler                 0x08000283   Thumb Code     0  startup_stm32f40_41xxx.o(.text)
    UART4_IRQHandler                         0x08000283   Thumb Code     0  startup_stm32f40_41xxx.o(.text)
    UART5_IRQHandler                         0x08000283   Thumb Code     0  startup_stm32f40_41xxx.o(.text)
    USART1_IRQHandler                        0x08000283   Thumb Code     0  startup_stm32f40_41xxx.o(.text)
    USART2_IRQHandler                        0x08000283   Thumb Code     0  startup_stm32f40_41xxx.o(.text)
    USART3_IRQHandler                        0x08000283   Thumb Code     0  startup_stm32f40_41xxx.o(.text)
    USART6_IRQHandler                        0x08000283   Thumb Code     0  startup_stm32f40_41xxx.o(.text)
    WWDG_IRQHandler                          0x08000283   Thumb Code     0  startup_stm32f40_41xxx.o(.text)
    __user_initial_stackheap                 0x08000285   Thumb Code     0  startup_stm32f40_41xxx.o(.text)
    __aeabi_memcpy4                          0x080002a9   Thumb Code     0  rt_memcpy_w.o(.text)
    __aeabi_memcpy8                          0x080002a9   Thumb Code     0  rt_memcpy_w.o(.text)
    __rt_memcpy_w                            0x080002a9   Thumb Code   100  rt_memcpy_w.o(.text)
    _memcpy_lastbytes_aligned                0x080002f1   Thumb Code     0  rt_memcpy_w.o(.text)
    __aeabi_memclr4                          0x0800030d   Thumb Code     0  rt_memclr_w.o(.text)
    __aeabi_memclr8                          0x0800030d   Thumb Code     0  rt_memclr_w.o(.text)
    __rt_memclr_w                            0x0800030d   Thumb Code    78  rt_memclr_w.o(.text)
    _memset_w                                0x08000311   Thumb Code     0  rt_memclr_w.o(.text)
    __use_two_region_memory                  0x0800035b   Thumb Code     2  heapauxi.o(.text)
    __rt_heap_escrow$2region                 0x0800035d   Thumb Code     2  heapauxi.o(.text)
    __rt_heap_expand$2region                 0x0800035f   Thumb Code     2  heapauxi.o(.text)
    __read_errno                             0x08000361   Thumb Code    10  _rserrno.o(.text)
    __set_errno                              0x0800036b   Thumb Code    12  _rserrno.o(.text)
    __aeabi_errno_addr                       0x08000379   Thumb Code     8  rt_errno_addr_intlibspace.o(.text)
    __errno$intlibspace                      0x08000379   Thumb Code     0  rt_errno_addr_intlibspace.o(.text)
    __rt_errno_addr$intlibspace              0x08000379   Thumb Code     0  rt_errno_addr_intlibspace.o(.text)
    __user_libspace                          0x08000381   Thumb Code     8  libspace.o(.text)
    __user_perproc_libspace                  0x08000381   Thumb Code     0  libspace.o(.text)
    __user_perthread_libspace                0x08000381   Thumb Code     0  libspace.o(.text)
    __user_setup_stackheap                   0x08000389   Thumb Code    74  sys_stackheap_outer.o(.text)
    exit                                     0x080003d3   Thumb Code    18  exit.o(.text)
    _sys_exit                                0x080003e5   Thumb Code     8  sys_exit.o(.text)
    __I$use$semihosting                      0x080003f1   Thumb Code     0  use_no_semi.o(.text)
    __use_no_semihosting_swi                 0x080003f1   Thumb Code     2  use_no_semi.o(.text)
    BusFault_Handler                         0x080003f3   Thumb Code     4  system_timetick.o(i.BusFault_Handler)
    __semihosting_library_function           0x080003f3   Thumb Code     0  indicate_semi.o(.text)
    Convert_To_ASCII                         0x080003f7   Thumb Code    68  main.o(i.Convert_To_ASCII)
    DMA_ClearFlag                            0x0800043d   Thumb Code    38  stm32f4xx_dma.o(i.DMA_ClearFlag)
    DMA_Cmd                                  0x08000471   Thumb Code    22  stm32f4xx_dma.o(i.DMA_Cmd)
    DMA_Init                                 0x08000489   Thumb Code    82  stm32f4xx_dma.o(i.DMA_Init)
    DebugMon_Handler                         0x080004e1   Thumb Code     2  system_timetick.o(i.DebugMon_Handler)
    ENC0_GetPos                              0x080004e5   Thumb Code    94  driver.o(i.ENC0_GetPos)
    GPIO_Init                                0x08000559   Thumb Code   144  stm32f4xx_gpio.o(i.GPIO_Init)
    GPIO_PinAFConfig                         0x080005e9   Thumb Code    70  stm32f4xx_gpio.o(i.GPIO_PinAFConfig)
    GPIO_ResetBits                           0x0800062f   Thumb Code     4  stm32f4xx_gpio.o(i.GPIO_ResetBits)
    GPIO_SetBits                             0x08000633   Thumb Code     4  stm32f4xx_gpio.o(i.GPIO_SetBits)
    HardFault_Handler                        0x08000637   Thumb Code     4  system_timetick.o(i.HardFault_Handler)
    MemManage_Handler                        0x0800063b   Thumb Code     4  system_timetick.o(i.MemManage_Handler)
    NMI_Handler                              0x0800063f   Thumb Code     2  system_timetick.o(i.NMI_Handler)
    PWM0_Set_Duty                            0x08000641   Thumb Code   114  driver.o(i.PWM0_Set_Duty)
    PWM0_Set_Freq                            0x080006c5   Thumb Code    34  driver.o(i.PWM0_Set_Freq)
    PendSV_Handler                           0x080006f1   Thumb Code     2  system_timetick.o(i.PendSV_Handler)
    RCC_AHB1PeriphClockCmd                   0x080006f5   Thumb Code    26  stm32f4xx_rcc.o(i.RCC_AHB1PeriphClockCmd)
    RCC_APB1PeriphClockCmd                   0x08000715   Thumb Code    26  stm32f4xx_rcc.o(i.RCC_APB1PeriphClockCmd)
    RCC_APB2PeriphClockCmd                   0x08000735   Thumb Code    26  stm32f4xx_rcc.o(i.RCC_APB2PeriphClockCmd)
    RCC_GetClocksFreq                        0x08000755   Thumb Code   214  stm32f4xx_rcc.o(i.RCC_GetClocksFreq)
    SVC_Handler                              0x0800083d   Thumb Code     2  system_timetick.o(i.SVC_Handler)
    SysTick_Handler                          0x0800092d   Thumb Code    28  system_timetick.o(i.SysTick_Handler)
    SystemInit                               0x08000955   Thumb Code    88  system_stm32f4xx.o(i.SystemInit)
    TIM_Cmd                                  0x080009bd   Thumb Code    24  stm32f4xx_tim.o(i.TIM_Cmd)
    TIM_EncoderInterfaceConfig               0x080009d5   Thumb Code    66  stm32f4xx_tim.o(i.TIM_EncoderInterfaceConfig)
    TIM_OC1Init                              0x08000a19   Thumb Code   114  stm32f4xx_tim.o(i.TIM_OC1Init)
    TIM_OC1PreloadConfig                     0x08000a95   Thumb Code    18  stm32f4xx_tim.o(i.TIM_OC1PreloadConfig)
    TIM_TimeBaseInit                         0x08000aa9   Thumb Code   104  stm32f4xx_tim.o(i.TIM_TimeBaseInit)
    USART_Cmd                                0x08000b2d   Thumb Code    24  stm32f4xx_usart.o(i.USART_Cmd)
    USART_DMACmd                             0x08000b45   Thumb Code    18  stm32f4xx_usart.o(i.USART_DMACmd)
    USART_Init                               0x08000b59   Thumb Code   204  stm32f4xx_usart.o(i.USART_Init)
    UsageFault_Handler                       0x08000c2d   Thumb Code     4  system_timetick.o(i.UsageFault_Handler)
    __ARM_fpclassify                         0x08000c31   Thumb Code    48  fpclassify.o(i.__ARM_fpclassify)
    __hardfp_fabs                            0x08000c61   Thumb Code    20  fabs.o(i.__hardfp_fabs)
    __hardfp_floor                           0x08000c79   Thumb Code   252  floor.o(i.__hardfp_floor)
    __hardfp_pow                             0x08000d91   Thumb Code  3072  pow.o(i.__hardfp_pow)
    __hardfp_sqrt                            0x080019e1   Thumb Code   122  sqrt.o(i.__hardfp_sqrt)
    __kernel_poly                            0x08001a5b   Thumb Code   248  poly.o(i.__kernel_poly)
    __mathlib_dbl_divzero                    0x08001b59   Thumb Code    28  dunder.o(i.__mathlib_dbl_divzero)
    __mathlib_dbl_infnan2                    0x08001b89   Thumb Code    20  dunder.o(i.__mathlib_dbl_infnan2)
    __mathlib_dbl_invalid                    0x08001ba1   Thumb Code    24  dunder.o(i.__mathlib_dbl_invalid)
    __mathlib_dbl_overflow                   0x08001bc1   Thumb Code    24  dunder.o(i.__mathlib_dbl_overflow)
    __mathlib_dbl_underflow                  0x08001be1   Thumb Code    24  dunder.o(i.__mathlib_dbl_underflow)
    delay_01ms                               0x08001c01   Thumb Code    66  driver.o(i.delay_01ms)
    fabs                                     0x08001c49   Thumb Code    24  fabs.o(i.fabs)
    init_main                                0x08001c61   Thumb Code   304  driver.o(i.init_main)
    init_uart_dma                            0x08001da5   Thumb Code   238  main.o(i.init_uart_dma)
    main                                     0x08001ea5   Thumb Code   504  main.o(i.main)
    rtGetInf                                 0x08002109   Thumb Code   138  rtgetinf.o(i.rtGetInf)
    rtGetInfF                                0x080021a1   Thumb Code    14  rtgetinf.o(i.rtGetInfF)
    rtGetMinusInf                            0x080021b1   Thumb Code   138  rtgetinf.o(i.rtGetMinusInf)
    rtGetMinusInfF                           0x08002249   Thumb Code    12  rtgetinf.o(i.rtGetMinusInfF)
    rtGetNaN                                 0x08002259   Thumb Code   142  rtgetnan.o(i.rtGetNaN)
    rtGetNaNF                                0x080022f5   Thumb Code    52  rtgetnan.o(i.rtGetNaNF)
    rtIsInf                                  0x0800232d   Thumb Code    66  rt_nonfinite.o(i.rtIsInf)
    rtIsNaN                                  0x08002379   Thumb Code    40  rt_nonfinite.o(i.rtIsNaN)
    rt_InitInfAndNaN                         0x080023a1   Thumb Code    66  rt_nonfinite.o(i.rt_InitInfAndNaN)
    rt_OneStep                               0x080023fd   Thumb Code    44  main.o(i.rt_OneStep)
    rt_pow_snf                               0x08002439   Thumb Code   550  rt_pow_snf.o(i.rt_pow_snf)
    sqrt                                     0x08002689   Thumb Code   110  sqrt.o(i.sqrt)
    str_initialize                           0x080026f9   Thumb Code   224  str.o(i.str_initialize)
    str_step                                 0x080027f9   Thumb Code  6130  str.o(i.str_step)
    __aeabi_dneg                             0x08004001   Thumb Code     0  basic.o(x$fpl$basic)
    _dneg                                    0x08004001   Thumb Code     6  basic.o(x$fpl$basic)
    __aeabi_fneg                             0x08004007   Thumb Code     0  basic.o(x$fpl$basic)
    _fneg                                    0x08004007   Thumb Code     6  basic.o(x$fpl$basic)
    _dabs                                    0x0800400d   Thumb Code     6  basic.o(x$fpl$basic)
    _fabs                                    0x08004013   Thumb Code     6  basic.o(x$fpl$basic)
    __aeabi_dadd                             0x08004019   Thumb Code     0  daddsub_clz.o(x$fpl$dadd)
    _dadd                                    0x08004019   Thumb Code   332  daddsub_clz.o(x$fpl$dadd)
    __fpl_dcheck_NaN1                        0x08004169   Thumb Code    10  dcheck1.o(x$fpl$dcheck1)
    __fpl_dcmp_Inf                           0x08004179   Thumb Code    24  dcmpi.o(x$fpl$dcmpinf)
    __aeabi_ddiv                             0x08004191   Thumb Code     0  ddiv.o(x$fpl$ddiv)
    _ddiv                                    0x08004191   Thumb Code   552  ddiv.o(x$fpl$ddiv)
    __aeabi_cdcmpeq                          0x08004441   Thumb Code     0  deqf.o(x$fpl$deqf)
    _dcmpeq                                  0x08004441   Thumb Code   120  deqf.o(x$fpl$deqf)
    __aeabi_d2iz                             0x080044b9   Thumb Code     0  dfix.o(x$fpl$dfix)
    _dfix                                    0x080044b9   Thumb Code    94  dfix.o(x$fpl$dfix)
    __aeabi_i2d                              0x08004517   Thumb Code     0  dflt_clz.o(x$fpl$dflt)
    _dflt                                    0x08004517   Thumb Code    46  dflt_clz.o(x$fpl$dflt)
    __aeabi_cdcmple                          0x08004545   Thumb Code     0  dleqf.o(x$fpl$dleqf)
    _dcmple                                  0x08004545   Thumb Code   120  dleqf.o(x$fpl$dleqf)
    __fpl_dcmple_InfNaN                      0x080045a7   Thumb Code     0  dleqf.o(x$fpl$dleqf)
    __aeabi_dmul                             0x080045bd   Thumb Code     0  dmul.o(x$fpl$dmul)
    _dmul                                    0x080045bd   Thumb Code   332  dmul.o(x$fpl$dmul)
    __fpl_dnaninf                            0x08004711   Thumb Code   156  dnaninf.o(x$fpl$dnaninf)
    __fpl_dretinf                            0x080047ad   Thumb Code    12  dretinf.o(x$fpl$dretinf)
    __aeabi_cdrcmple                         0x080047b9   Thumb Code     0  drleqf.o(x$fpl$drleqf)
    _drcmple                                 0x080047b9   Thumb Code   108  drleqf.o(x$fpl$drleqf)
    __aeabi_drsub                            0x08004825   Thumb Code     0  daddsub_clz.o(x$fpl$drsb)
    _drsb                                    0x08004825   Thumb Code    22  daddsub_clz.o(x$fpl$drsb)
    _dsqrt                                   0x0800483d   Thumb Code   404  dsqrt_umaal.o(x$fpl$dsqrt)
    __aeabi_dsub                             0x080049d5   Thumb Code     0  daddsub_clz.o(x$fpl$dsub)
    _dsub                                    0x080049d5   Thumb Code   464  daddsub_clz.o(x$fpl$dsub)
    __aeabi_f2d                              0x08004ba9   Thumb Code     0  f2d.o(x$fpl$f2d)
    _f2d                                     0x08004ba9   Thumb Code    86  f2d.o(x$fpl$f2d)
    __fpl_fnaninf                            0x08004bff   Thumb Code   140  fnaninf.o(x$fpl$fnaninf)
    _fp_init                                 0x08004c8b   Thumb Code    10  fpinit.o(x$fpl$fpinit)
    __fplib_config_fpu_vfp                   0x08004c93   Thumb Code     0  fpinit.o(x$fpl$fpinit)
    __fplib_config_pureend_doubles           0x08004c93   Thumb Code     0  fpinit.o(x$fpl$fpinit)
    __fpl_return_NaN                         0x08004c95   Thumb Code   100  retnan.o(x$fpl$retnan)
    __ARM_scalbn                             0x08004cf9   Thumb Code    92  scalbn.o(x$fpl$scalbn)
    __fpl_cmpreturn                          0x08004d55   Thumb Code    48  trapv.o(x$fpl$trapveneer)
    __I$use$fp                               0x08004d84   Number         0  usenofp.o(x$fpl$usenofp)
    __mathlib_zero                           0x08004e10   Data           8  qnan.o(.constdata)
    Region$$Table$$Base                      0x08004e18   Number         0  anon$$obj.o(Region$$Table)
    Region$$Table$$Limit                     0x08004e38   Number         0  anon$$obj.o(Region$$Table)
    ASCII_Char_Udk                           0x20000011   Data           5  main.o(.data)
    ASCII_Char_In2                           0x20000016   Data           5  main.o(.data)
    ASCII_Char_Out2                          0x2000001b   Data           5  main.o(.data)
    udk                                      0x20000020   Data           2  main.o(.data)
    i                                        0x20000022   Data           2  main.o(.data)
    sCount                                   0x20000024   Data           4  main.o(.data)
    In2                                      0x20000028   Data           8  main.o(.data)
    Out2                                     0x20000030   Data           8  main.o(.data)
    Out1                                     0x20000038   Data           8  main.o(.data)
    tick_count                               0x20000040   Data           4  system_timetick.o(.data)
    tick_count_uart                          0x20000044   Data           4  system_timetick.o(.data)
    tick_flag                                0x20000048   Data           4  system_timetick.o(.data)
    SystemCoreClock                          0x2000004c   Data           4  system_stm32f4xx.o(.data)
    AHBPrescTable                            0x20000050   Data          16  system_stm32f4xx.o(.data)
    pid_M_                                   0x20000060   Data           4  pid.o(.data)
    pid_M                                    0x20000064   Data           4  pid.o(.data)
    rtInf                                    0x20000068   Data           8  rt_nonfinite.o(.data)
    rtMinusInf                               0x20000070   Data           8  rt_nonfinite.o(.data)
    rtNaN                                    0x20000078   Data           8  rt_nonfinite.o(.data)
    rtInfF                                   0x20000080   Data           4  rt_nonfinite.o(.data)
    rtMinusInfF                              0x20000084   Data           4  rt_nonfinite.o(.data)
    rtNaNF                                   0x20000088   Data           4  rt_nonfinite.o(.data)
    str_M_                                   0x2000008c   Data           4  str.o(.data)
    str_M                                    0x20000090   Data           4  str.o(.data)
    str_P                                    0x20000098   Data         248  str_data.o(.data)
    Value_Buff                               0x200001a0   Data          20  main.o(.bss)
    str_DWork                                0x200001b8   Data         224  str.o(.bss)
    __libspace_start                         0x20000298   Data          96  libspace.o(.bss)
    __temporary_stack_top$libspace           0x200002f8   Data           0  libspace.o(.bss)



==============================================================================

Memory Map of the image

  Image Entry point : 0x08000189

  Load Region LR_IROM1 (Base: 0x08000000, Size: 0x00004fd8, Max: 0x00100000, ABSOLUTE, COMPRESSED[0x00004e80])

    Execution Region ER_IROM1 (Exec base: 0x08000000, Load base: 0x08000000, Size: 0x00004e38, Max: 0x00100000, ABSOLUTE)

    Exec Addr    Load Addr    Size         Type   Attr      Idx    E Section Name        Object

    0x08000000   0x08000000   0x00000188   Data   RO          349    RESET               startup_stm32f40_41xxx.o
    0x08000188   0x08000188   0x00000008   Code   RO         2036  * !!!main             c_w.l(__main.o)
    0x08000190   0x08000190   0x00000034   Code   RO         2310    !!!scatter          c_w.l(__scatter.o)
    0x080001c4   0x080001c4   0x0000005a   Code   RO         2308    !!dczerorl2         c_w.l(__dczerorl2.o)
    0x0800021e   0x0800021e   0x00000002   PAD
    0x08000220   0x08000220   0x0000001c   Code   RO         2312    !!handler_zi        c_w.l(__scatter_zi.o)
    0x0800023c   0x0800023c   0x00000002   Code   RO         2177    .ARM.Collect$$libinit$$00000000  c_w.l(libinit.o)
    0x0800023e   0x0800023e   0x00000004   Code   RO         2182    .ARM.Collect$$libinit$$00000001  c_w.l(libinit2.o)
    0x08000242   0x08000242   0x00000000   Code   RO         2185    .ARM.Collect$$libinit$$00000004  c_w.l(libinit2.o)
    0x08000242   0x08000242   0x00000000   Code   RO         2188    .ARM.Collect$$libinit$$0000000A  c_w.l(libinit2.o)
    0x08000242   0x08000242   0x00000000   Code   RO         2190    .ARM.Collect$$libinit$$0000000C  c_w.l(libinit2.o)
    0x08000242   0x08000242   0x00000000   Code   RO         2192    .ARM.Collect$$libinit$$0000000E  c_w.l(libinit2.o)
    0x08000242   0x08000242   0x00000000   Code   RO         2195    .ARM.Collect$$libinit$$00000011  c_w.l(libinit2.o)
    0x08000242   0x08000242   0x00000000   Code   RO         2197    .ARM.Collect$$libinit$$00000013  c_w.l(libinit2.o)
    0x08000242   0x08000242   0x00000000   Code   RO         2199    .ARM.Collect$$libinit$$00000015  c_w.l(libinit2.o)
    0x08000242   0x08000242   0x00000000   Code   RO         2201    .ARM.Collect$$libinit$$00000017  c_w.l(libinit2.o)
    0x08000242   0x08000242   0x00000000   Code   RO         2203    .ARM.Collect$$libinit$$00000019  c_w.l(libinit2.o)
    0x08000242   0x08000242   0x00000000   Code   RO         2205    .ARM.Collect$$libinit$$0000001B  c_w.l(libinit2.o)
    0x08000242   0x08000242   0x00000000   Code   RO         2207    .ARM.Collect$$libinit$$0000001D  c_w.l(libinit2.o)
    0x08000242   0x08000242   0x00000000   Code   RO         2209    .ARM.Collect$$libinit$$0000001F  c_w.l(libinit2.o)
    0x08000242   0x08000242   0x00000000   Code   RO         2211    .ARM.Collect$$libinit$$00000021  c_w.l(libinit2.o)
    0x08000242   0x08000242   0x00000000   Code   RO         2213    .ARM.Collect$$libinit$$00000023  c_w.l(libinit2.o)
    0x08000242   0x08000242   0x00000000   Code   RO         2215    .ARM.Collect$$libinit$$00000025  c_w.l(libinit2.o)
    0x08000242   0x08000242   0x00000000   Code   RO         2219    .ARM.Collect$$libinit$$0000002C  c_w.l(libinit2.o)
    0x08000242   0x08000242   0x00000000   Code   RO         2221    .ARM.Collect$$libinit$$0000002E  c_w.l(libinit2.o)
    0x08000242   0x08000242   0x00000000   Code   RO         2223    .ARM.Collect$$libinit$$00000030  c_w.l(libinit2.o)
    0x08000242   0x08000242   0x00000000   Code   RO         2225    .ARM.Collect$$libinit$$00000032  c_w.l(libinit2.o)
    0x08000242   0x08000242   0x00000002   Code   RO         2226    .ARM.Collect$$libinit$$00000033  c_w.l(libinit2.o)
    0x08000244   0x08000244   0x00000002   Code   RO         2248    .ARM.Collect$$libshutdown$$00000000  c_w.l(libshutdown.o)
    0x08000246   0x08000246   0x00000000   Code   RO         2261    .ARM.Collect$$libshutdown$$00000002  c_w.l(libshutdown2.o)
    0x08000246   0x08000246   0x00000000   Code   RO         2263    .ARM.Collect$$libshutdown$$00000004  c_w.l(libshutdown2.o)
    0x08000246   0x08000246   0x00000000   Code   RO         2266    .ARM.Collect$$libshutdown$$00000007  c_w.l(libshutdown2.o)
    0x08000246   0x08000246   0x00000000   Code   RO         2269    .ARM.Collect$$libshutdown$$0000000A  c_w.l(libshutdown2.o)
    0x08000246   0x08000246   0x00000000   Code   RO         2271    .ARM.Collect$$libshutdown$$0000000C  c_w.l(libshutdown2.o)
    0x08000246   0x08000246   0x00000000   Code   RO         2274    .ARM.Collect$$libshutdown$$0000000F  c_w.l(libshutdown2.o)
    0x08000246   0x08000246   0x00000002   Code   RO         2275    .ARM.Collect$$libshutdown$$00000010  c_w.l(libshutdown2.o)
    0x08000248   0x08000248   0x00000000   Code   RO         2108    .ARM.Collect$$rtentry$$00000000  c_w.l(__rtentry.o)
    0x08000248   0x08000248   0x00000000   Code   RO         2144    .ARM.Collect$$rtentry$$00000002  c_w.l(__rtentry2.o)
    0x08000248   0x08000248   0x00000006   Code   RO         2156    .ARM.Collect$$rtentry$$00000004  c_w.l(__rtentry4.o)
    0x0800024e   0x0800024e   0x00000000   Code   RO         2146    .ARM.Collect$$rtentry$$00000009  c_w.l(__rtentry2.o)
    0x0800024e   0x0800024e   0x00000004   Code   RO         2147    .ARM.Collect$$rtentry$$0000000A  c_w.l(__rtentry2.o)
    0x08000252   0x08000252   0x00000000   Code   RO         2149    .ARM.Collect$$rtentry$$0000000C  c_w.l(__rtentry2.o)
    0x08000252   0x08000252   0x00000008   Code   RO         2150    .ARM.Collect$$rtentry$$0000000D  c_w.l(__rtentry2.o)
    0x0800025a   0x0800025a   0x00000002   Code   RO         2180    .ARM.Collect$$rtexit$$00000000  c_w.l(rtexit.o)
    0x0800025c   0x0800025c   0x00000000   Code   RO         2230    .ARM.Collect$$rtexit$$00000002  c_w.l(rtexit2.o)
    0x0800025c   0x0800025c   0x00000004   Code   RO         2231    .ARM.Collect$$rtexit$$00000003  c_w.l(rtexit2.o)
    0x08000260   0x08000260   0x00000006   Code   RO         2232    .ARM.Collect$$rtexit$$00000004  c_w.l(rtexit2.o)
    0x08000266   0x08000266   0x00000002   PAD
    0x08000268   0x08000268   0x00000040   Code   RO          350    .text               startup_stm32f40_41xxx.o
    0x080002a8   0x080002a8   0x00000064   Code   RO         2030    .text               c_w.l(rt_memcpy_w.o)
    0x0800030c   0x0800030c   0x0000004e   Code   RO         2032    .text               c_w.l(rt_memclr_w.o)
    0x0800035a   0x0800035a   0x00000006   Code   RO         2034    .text               c_w.l(heapauxi.o)
    0x08000360   0x08000360   0x00000016   Code   RO         2109    .text               c_w.l(_rserrno.o)
    0x08000376   0x08000376   0x00000002   PAD
    0x08000378   0x08000378   0x00000008   Code   RO         2161    .text               c_w.l(rt_errno_addr_intlibspace.o)
    0x08000380   0x08000380   0x00000008   Code   RO         2165    .text               c_w.l(libspace.o)
    0x08000388   0x08000388   0x0000004a   Code   RO         2168    .text               c_w.l(sys_stackheap_outer.o)
    0x080003d2   0x080003d2   0x00000012   Code   RO         2170    .text               c_w.l(exit.o)
    0x080003e4   0x080003e4   0x0000000c   Code   RO         2240    .text               c_w.l(sys_exit.o)
    0x080003f0   0x080003f0   0x00000002   Code   RO         2251    .text               c_w.l(use_no_semi.o)
    0x080003f2   0x080003f2   0x00000000   Code   RO         2253    .text               c_w.l(indicate_semi.o)
    0x080003f2   0x080003f2   0x00000004   Code   RO          272    i.BusFault_Handler  system_timetick.o
    0x080003f6   0x080003f6   0x00000044   Code   RO          176    i.Convert_To_ASCII  main.o
    0x0800043a   0x0800043a   0x00000002   PAD
    0x0800043c   0x0800043c   0x00000034   Code   RO          707    i.DMA_ClearFlag     stm32f4xx_dma.o
    0x08000470   0x08000470   0x00000016   Code   RO          709    i.DMA_Cmd           stm32f4xx_dma.o
    0x08000486   0x08000486   0x00000002   PAD
    0x08000488   0x08000488   0x00000058   Code   RO          721    i.DMA_Init          stm32f4xx_dma.o
    0x080004e0   0x080004e0   0x00000002   Code   RO          273    i.DebugMon_Handler  system_timetick.o
    0x080004e2   0x080004e2   0x00000002   PAD
    0x080004e4   0x080004e4   0x00000074   Code   RO            4    i.ENC0_GetPos       driver.o
    0x08000558   0x08000558   0x00000090   Code   RO          840    i.GPIO_Init         stm32f4xx_gpio.o
    0x080005e8   0x080005e8   0x00000046   Code   RO          841    i.GPIO_PinAFConfig  stm32f4xx_gpio.o
    0x0800062e   0x0800062e   0x00000004   Code   RO          847    i.GPIO_ResetBits    stm32f4xx_gpio.o
    0x08000632   0x08000632   0x00000004   Code   RO          848    i.GPIO_SetBits      stm32f4xx_gpio.o
    0x08000636   0x08000636   0x00000004   Code   RO          274    i.HardFault_Handler  system_timetick.o
    0x0800063a   0x0800063a   0x00000004   Code   RO          275    i.MemManage_Handler  system_timetick.o
    0x0800063e   0x0800063e   0x00000002   Code   RO          276    i.NMI_Handler       system_timetick.o
    0x08000640   0x08000640   0x00000084   Code   RO            5    i.PWM0_Set_Duty     driver.o
    0x080006c4   0x080006c4   0x0000002c   Code   RO            6    i.PWM0_Set_Freq     driver.o
    0x080006f0   0x080006f0   0x00000002   Code   RO          277    i.PendSV_Handler    system_timetick.o
    0x080006f2   0x080006f2   0x00000002   PAD
    0x080006f4   0x080006f4   0x00000020   Code   RO          941    i.RCC_AHB1PeriphClockCmd  stm32f4xx_rcc.o
    0x08000714   0x08000714   0x00000020   Code   RO          950    i.RCC_APB1PeriphClockCmd  stm32f4xx_rcc.o
    0x08000734   0x08000734   0x00000020   Code   RO          953    i.RCC_APB2PeriphClockCmd  stm32f4xx_rcc.o
    0x08000754   0x08000754   0x000000e8   Code   RO          962    i.RCC_GetClocksFreq  stm32f4xx_rcc.o
    0x0800083c   0x0800083c   0x00000002   Code   RO          278    i.SVC_Handler       system_timetick.o
    0x0800083e   0x0800083e   0x00000002   PAD
    0x08000840   0x08000840   0x000000ec   Code   RO          357    i.SetSysClock       system_stm32f4xx.o
    0x0800092c   0x0800092c   0x00000028   Code   RO          279    i.SysTick_Handler   system_timetick.o
    0x08000954   0x08000954   0x00000068   Code   RO          359    i.SystemInit        system_stm32f4xx.o
    0x080009bc   0x080009bc   0x00000018   Code   RO         1289    i.TIM_Cmd           stm32f4xx_tim.o
    0x080009d4   0x080009d4   0x00000042   Code   RO         1298    i.TIM_EncoderInterfaceConfig  stm32f4xx_tim.o
    0x08000a16   0x08000a16   0x00000002   PAD
    0x08000a18   0x08000a18   0x0000007c   Code   RO         1318    i.TIM_OC1Init       stm32f4xx_tim.o
    0x08000a94   0x08000a94   0x00000012   Code   RO         1321    i.TIM_OC1PreloadConfig  stm32f4xx_tim.o
    0x08000aa6   0x08000aa6   0x00000002   PAD
    0x08000aa8   0x08000aa8   0x00000084   Code   RO         1361    i.TIM_TimeBaseInit  stm32f4xx_tim.o
    0x08000b2c   0x08000b2c   0x00000018   Code   RO         1843    i.USART_Cmd         stm32f4xx_usart.o
    0x08000b44   0x08000b44   0x00000012   Code   RO         1844    i.USART_DMACmd      stm32f4xx_usart.o
    0x08000b56   0x08000b56   0x00000002   PAD
    0x08000b58   0x08000b58   0x000000d4   Code   RO         1850    i.USART_Init        stm32f4xx_usart.o
    0x08000c2c   0x08000c2c   0x00000004   Code   RO          280    i.UsageFault_Handler  system_timetick.o
    0x08000c30   0x08000c30   0x00000030   Code   RO         2138    i.__ARM_fpclassify  m_wm.l(fpclassify.o)
    0x08000c60   0x08000c60   0x00000014   Code   RO         2070    i.__hardfp_fabs     m_wm.l(fabs.o)
    0x08000c74   0x08000c74   0x00000004   PAD
    0x08000c78   0x08000c78   0x00000118   Code   RO         2076    i.__hardfp_floor    m_wm.l(floor.o)
    0x08000d90   0x08000d90   0x00000c50   Code   RO         2082    i.__hardfp_pow      m_wm.l(pow.o)
    0x080019e0   0x080019e0   0x0000007a   Code   RO         2096    i.__hardfp_sqrt     m_wm.l(sqrt.o)
    0x08001a5a   0x08001a5a   0x000000f8   Code   RO         2140    i.__kernel_poly     m_wm.l(poly.o)
    0x08001b52   0x08001b52   0x00000006   PAD
    0x08001b58   0x08001b58   0x00000030   Code   RO         2124    i.__mathlib_dbl_divzero  m_wm.l(dunder.o)
    0x08001b88   0x08001b88   0x00000014   Code   RO         2126    i.__mathlib_dbl_infnan2  m_wm.l(dunder.o)
    0x08001b9c   0x08001b9c   0x00000004   PAD
    0x08001ba0   0x08001ba0   0x00000020   Code   RO         2127    i.__mathlib_dbl_invalid  m_wm.l(dunder.o)
    0x08001bc0   0x08001bc0   0x00000020   Code   RO         2128    i.__mathlib_dbl_overflow  m_wm.l(dunder.o)
    0x08001be0   0x08001be0   0x00000020   Code   RO         2130    i.__mathlib_dbl_underflow  m_wm.l(dunder.o)
    0x08001c00   0x08001c00   0x00000048   Code   RO            7    i.delay_01ms        driver.o
    0x08001c48   0x08001c48   0x00000018   Code   RO         2072    i.fabs              m_wm.l(fabs.o)
    0x08001c60   0x08001c60   0x00000144   Code   RO            9    i.init_main         driver.o
    0x08001da4   0x08001da4   0x00000100   Code   RO          177    i.init_uart_dma     main.o
    0x08001ea4   0x08001ea4   0x00000264   Code   RO          178    i.main              main.o
    0x08002108   0x08002108   0x00000098   Code   RO          525    i.rtGetInf          rtgetinf.o
    0x080021a0   0x080021a0   0x0000000e   Code   RO          526    i.rtGetInfF         rtgetinf.o
    0x080021ae   0x080021ae   0x00000002   PAD
    0x080021b0   0x080021b0   0x00000098   Code   RO          527    i.rtGetMinusInf     rtgetinf.o
    0x08002248   0x08002248   0x00000010   Code   RO          528    i.rtGetMinusInfF    rtgetinf.o
    0x08002258   0x08002258   0x0000009c   Code   RO          555    i.rtGetNaN          rtgetnan.o
    0x080022f4   0x080022f4   0x00000038   Code   RO          556    i.rtGetNaNF         rtgetnan.o
    0x0800232c   0x0800232c   0x0000004c   Code   RO          455    i.rtIsInf           rt_nonfinite.o
    0x08002378   0x08002378   0x00000028   Code   RO          457    i.rtIsNaN           rt_nonfinite.o
    0x080023a0   0x080023a0   0x0000005c   Code   RO          459    i.rt_InitInfAndNaN  rt_nonfinite.o
    0x080023fc   0x080023fc   0x0000003c   Code   RO          179    i.rt_OneStep        main.o
    0x08002438   0x08002438   0x00000250   Code   RO          506    i.rt_pow_snf        rt_pow_snf.o
    0x08002688   0x08002688   0x0000006e   Code   RO         2098    i.sqrt              m_wm.l(sqrt.o)
    0x080026f6   0x080026f6   0x00000002   PAD
    0x080026f8   0x080026f8   0x00000100   Code   RO          573    i.str_initialize    str.o
    0x080027f8   0x080027f8   0x00001808   Code   RO          574    i.str_step          str.o
    0x08004000   0x08004000   0x00000018   Code   RO         2038    x$fpl$basic         fz_wm.l(basic.o)
    0x08004018   0x08004018   0x00000150   Code   RO         2040    x$fpl$dadd          fz_wm.l(daddsub_clz.o)
    0x08004168   0x08004168   0x00000010   Code   RO         2163    x$fpl$dcheck1       fz_wm.l(dcheck1.o)
    0x08004178   0x08004178   0x00000018   Code   RO         2111    x$fpl$dcmpinf       fz_wm.l(dcmpi.o)
    0x08004190   0x08004190   0x000002b0   Code   RO         2047    x$fpl$ddiv          fz_wm.l(ddiv.o)
    0x08004440   0x08004440   0x00000078   Code   RO         2050    x$fpl$deqf          fz_wm.l(deqf.o)
    0x080044b8   0x080044b8   0x0000005e   Code   RO         2052    x$fpl$dfix          fz_wm.l(dfix.o)
    0x08004516   0x08004516   0x0000002e   Code   RO         2057    x$fpl$dflt          fz_wm.l(dflt_clz.o)
    0x08004544   0x08004544   0x00000078   Code   RO         2062    x$fpl$dleqf         fz_wm.l(dleqf.o)
    0x080045bc   0x080045bc   0x00000154   Code   RO         2064    x$fpl$dmul          fz_wm.l(dmul.o)
    0x08004710   0x08004710   0x0000009c   Code   RO         2113    x$fpl$dnaninf       fz_wm.l(dnaninf.o)
    0x080047ac   0x080047ac   0x0000000c   Code   RO         2115    x$fpl$dretinf       fz_wm.l(dretinf.o)
    0x080047b8   0x080047b8   0x0000006c   Code   RO         2066    x$fpl$drleqf        fz_wm.l(drleqf.o)
    0x08004824   0x08004824   0x00000016   Code   RO         2041    x$fpl$drsb          fz_wm.l(daddsub_clz.o)
    0x0800483a   0x0800483a   0x00000002   PAD
    0x0800483c   0x0800483c   0x00000198   Code   RO         2117    x$fpl$dsqrt         fz_wm.l(dsqrt_umaal.o)
    0x080049d4   0x080049d4   0x000001d4   Code   RO         2042    x$fpl$dsub          fz_wm.l(daddsub_clz.o)
    0x08004ba8   0x08004ba8   0x00000056   Code   RO         2068    x$fpl$f2d           fz_wm.l(f2d.o)
    0x08004bfe   0x08004bfe   0x0000008c   Code   RO         2119    x$fpl$fnaninf       fz_wm.l(fnaninf.o)
    0x08004c8a   0x08004c8a   0x0000000a   Code   RO         2238    x$fpl$fpinit        fz_wm.l(fpinit.o)
    0x08004c94   0x08004c94   0x00000064   Code   RO         2178    x$fpl$retnan        fz_wm.l(retnan.o)
    0x08004cf8   0x08004cf8   0x0000005c   Code   RO         2121    x$fpl$scalbn        fz_wm.l(scalbn.o)
    0x08004d54   0x08004d54   0x00000030   Code   RO         2227    x$fpl$trapveneer    fz_wm.l(trapv.o)
    0x08004d84   0x08004d84   0x00000000   Code   RO         2123    x$fpl$usenofp       fz_wm.l(usenofp.o)
    0x08004d84   0x08004d84   0x00000004   PAD
    0x08004d88   0x08004d88   0x00000088   Data   RO         2085    .constdata          m_wm.l(pow.o)
    0x08004e10   0x08004e10   0x00000008   Data   RO         2142    .constdata          m_wm.l(qnan.o)
    0x08004e18   0x08004e18   0x00000020   Data   RO         2306    Region$$Table       anon$$obj.o


    Execution Region RW_IRAM1 (Exec base: 0x20000000, Load base: 0x08004e38, Size: 0x000008f8, Max: 0x00020000, ABSOLUTE, COMPRESSED[0x00000048])

    Exec Addr    Load Addr    Size         Type   Attr      Idx    E Section Name        Object

    0x20000000   COMPRESSED   0x00000010   Data   RW           10    .data               driver.o
    0x20000010   COMPRESSED   0x00000030   Data   RW          181    .data               main.o
    0x20000040   COMPRESSED   0x0000000c   Data   RW          281    .data               system_timetick.o
    0x2000004c   COMPRESSED   0x00000014   Data   RW          360    .data               system_stm32f4xx.o
    0x20000060   COMPRESSED   0x00000008   Data   RW          399    .data               pid.o
    0x20000068   COMPRESSED   0x00000024   Data   RW          460    .data               rt_nonfinite.o
    0x2000008c   COMPRESSED   0x00000008   Data   RW          577    .data               str.o
    0x20000094   COMPRESSED   0x00000004   PAD
    0x20000098   COMPRESSED   0x000000f8   Data   RW          614    .data               str_data.o
    0x20000190   COMPRESSED   0x00000010   Data   RW          993    .data               stm32f4xx_rcc.o
    0x200001a0        -       0x00000014   Zero   RW          180    .bss                main.o
    0x200001b4   COMPRESSED   0x00000004   PAD
    0x200001b8        -       0x000000e0   Zero   RW          576    .bss                str.o
    0x20000298        -       0x00000060   Zero   RW         2166    .bss                c_w.l(libspace.o)
    0x200002f8        -       0x00000200   Zero   RW          348    HEAP                startup_stm32f40_41xxx.o
    0x200004f8        -       0x00000400   Zero   RW          347    STACK               startup_stm32f40_41xxx.o


==============================================================================

Image component sizes


      Code (inc. data)   RO Data    RW Data    ZI Data      Debug   Object Name

       688         76          0         16          0     294647   driver.o
       996        142          0         48         20      36232   main.o
         0          0          0          0          0     226992   misc.o
         0          0          0          8          0       3995   pid.o
       208         36          0         36          0       4186   rt_nonfinite.o
       592         42          0          0          0       1357   rt_pow_snf.o
       334         32          0          0          0       3344   rtgetinf.o
       212         18          0          0          0       1771   rtgetnan.o
        64         26        392          0       1536        820   startup_stm32f40_41xxx.o
       162         20          0          0          0       3237   stm32f4xx_dma.o
       222          0          0          0          0       3143   stm32f4xx_gpio.o
       328         36          0         16          0       4883   stm32f4xx_rcc.o
       364         38          0          0          0       4275   stm32f4xx_tim.o
       254          8          0          0          0       2908   stm32f4xx_usart.o
      6408        180          0          8        224       4531   str.o
         0          0          0        248          0       2000   str_data.o
       340         32          0         20          0       1825   system_stm32f4xx.o
        64         12          0         12          0       4309   system_timetick.o

    ----------------------------------------------------------------------
     11254        698        424        416       1784     604455   Object Totals
         0          0         32          0          0          0   (incl. Generated)
        18          0          0          4          4          0   (incl. Padding)

    ----------------------------------------------------------------------

      Code (inc. data)   RO Data    RW Data    ZI Data      Debug   Library Member Name

        90          0          0          0          0          0   __dczerorl2.o
         8          0          0          0          0         68   __main.o
         0          0          0          0          0          0   __rtentry.o
        12          0          0          0          0          0   __rtentry2.o
         6          0          0          0          0          0   __rtentry4.o
        52          8          0          0          0          0   __scatter.o
        28          0          0          0          0          0   __scatter_zi.o
        22          0          0          0          0        100   _rserrno.o
        18          0          0          0          0         80   exit.o
         6          0          0          0          0        152   heapauxi.o
         0          0          0          0          0          0   indicate_semi.o
         2          0          0          0          0          0   libinit.o
         6          0          0          0          0          0   libinit2.o
         2          0          0          0          0          0   libshutdown.o
         2          0          0          0          0          0   libshutdown2.o
         8          4          0          0         96         68   libspace.o
         8          4          0          0          0         68   rt_errno_addr_intlibspace.o
        78          0          0          0          0         80   rt_memclr_w.o
       100          0          0          0          0         80   rt_memcpy_w.o
         2          0          0          0          0          0   rtexit.o
        10          0          0          0          0          0   rtexit2.o
        12          4          0          0          0         68   sys_exit.o
        74          0          0          0          0         80   sys_stackheap_outer.o
         2          0          0          0          0         68   use_no_semi.o
        24          0          0          0          0        164   basic.o
       826         16          0          0          0        492   daddsub_clz.o
        16          4          0          0          0        116   dcheck1.o
        24          0          0          0          0        116   dcmpi.o
       688        140          0          0          0        256   ddiv.o
       120          4          0          0          0        140   deqf.o
        94          4          0          0          0        140   dfix.o
        46          0          0          0          0        116   dflt_clz.o
       120          4          0          0          0        140   dleqf.o
       340         12          0          0          0        152   dmul.o
       156          4          0          0          0        140   dnaninf.o
        12          0          0          0          0        116   dretinf.o
       108          0          0          0          0        128   drleqf.o
       408         56          0          0          0        168   dsqrt_umaal.o
        86          4          0          0          0        132   f2d.o
       140          4          0          0          0        132   fnaninf.o
        10          0          0          0          0        116   fpinit.o
       100          0          0          0          0        116   retnan.o
        92          0          0          0          0        116   scalbn.o
        48          0          0          0          0        116   trapv.o
         0          0          0          0          0          0   usenofp.o
       164         44          0          0          0        620   dunder.o
        44          0          0          0          0        248   fabs.o
       280         28          0          0          0        156   floor.o
        48          0          0          0          0        124   fpclassify.o
       248          0          0          0          0        152   poly.o
      3152        296        136          0          0        352   pow.o
         0          0          8          0          0          0   qnan.o
       232          0          0          0          0        296   sqrt.o

    ----------------------------------------------------------------------
      8202        640        144          0         96       5972   Library Totals
        28          0          0          0          0          0   (incl. Padding)

    ----------------------------------------------------------------------

      Code (inc. data)   RO Data    RW Data    ZI Data      Debug   Library Name

       548         20          0          0         96        912   c_w.l
      3458        252          0          0          0       3112   fz_wm.l
      4168        368        144          0          0       1948   m_wm.l

    ----------------------------------------------------------------------
      8202        640        144          0         96       5972   Library Totals

    ----------------------------------------------------------------------

==============================================================================


      Code (inc. data)   RO Data    RW Data    ZI Data      Debug   

     19456       1338        568        416       1880     602263   Grand Totals
     19456       1338        568         72       1880     602263   ELF Image Totals (compressed)
     19456       1338        568         72          0          0   ROM Totals

==============================================================================

    Total RO  Size (Code + RO Data)                20024 (  19.55kB)
    Total RW  Size (RW Data + ZI Data)              2296 (   2.24kB)
    Total ROM Size (Code + RO Data + RW Data)      20096 (  19.63kB)

==============================================================================

